 LoadOption

 Timestamp is 60878db1 (Tue Apr 27 06:06:09 2021)

 Preferred load address is 0000000180000000

 Start         Length     Name                   Class
 0001:00000000 00007d1cH .text$mn                CODE
 0002:00000000 00000008H .CRT$XCA                DATA
 0002:00000008 00000008H .CRT$XCZ                DATA
 0002:00000010 00000008H .CRT$XIA                DATA
 0002:00000018 00000008H .CRT$XIZ                DATA
 0002:00000020 00000008H .CRT$XPA                DATA
 0002:00000028 00000008H .CRT$XPZ                DATA
 0002:00000030 00000008H .CRT$XTA                DATA
 0002:00000038 00000008H .CRT$XTZ                DATA
 0002:00000040 000013e4H .rdata                  DATA
 0002:00001424 00000120H .rdata$zzzdbg           DATA
 0002:00001544 000005c0H .xdata                  DATA
 0003:00000000 00002770H .data                   DATA
 0003:00002770 00002900H .bss                    DATA
 0004:00000000 0000045cH .pdata                  DATA

  Address         Publics by Value              Rva+Base               Lib:Object

 0000:00000000       __guard_longjmp_table      0000000000000000     <absolute>
 0000:00000000       __guard_check_icall_a64n_fptr 0000000000000000     <absolute>
 0000:00000000       __guard_eh_cont_count      0000000000000000     <absolute>
 0000:00000000       __guard_flags              0000000000000000     <absolute>
 0000:00000000       ___safe_se_handler_count   0000000000000000     <absolute>
 0000:00000000       __AbsoluteZero             0000000000000000     <absolute>
 0000:00000000       __hybrid_code_map_count    0000000000000000     <absolute>
 0000:00000000       __arm64x_extra_rfe_table_size 0000000000000000     <absolute>
 0000:00000000       __volatile_metadata        0000000000000000     <absolute>
 0000:00000000       __hybrid_code_map          0000000000000000     <absolute>
 0000:00000000       __arm64x_native_entrypoint 0000000000000000     <absolute>
 0000:00000000       __arm64x_extra_rfe_table   0000000000000000     <absolute>
 0000:00000000       __hybrid_auxiliary_iat_copy 0000000000000000     <absolute>
 0000:00000000       __guard_eh_cont_table      0000000000000000     <absolute>
 0000:00000000       __hybrid_auxiliary_iat     0000000000000000     <absolute>
 0000:00000000       __guard_fids_count         0000000000000000     <absolute>
 0000:00000000       __dynamic_value_reloc_table 0000000000000000     <absolute>
 0000:00000000       __guard_longjmp_count      0000000000000000     <absolute>
 0000:00000000       __guard_iat_count          0000000000000000     <absolute>
 0000:00000000       __enclave_config           0000000000000000     <absolute>
 0000:00000000       __arm64x_redirection_metadata_count 0000000000000000     <absolute>
 0000:00000000       __x64_code_ranges_to_entry_points 0000000000000000     <absolute>
 0000:00000000       __guard_fids_table         0000000000000000     <absolute>
 0000:00000000       __guard_iat_table          0000000000000000     <absolute>
 0000:00000000       __arm64x_redirection_metadata 0000000000000000     <absolute>
 0000:00000000       __x64_code_ranges_to_entry_points_count 0000000000000000     <absolute>
 0000:00000000       ___safe_se_handler_table   0000000000000000     <absolute>
 0000:00000000       __ImageBase                0000000180000000     <linker-defined>
 0001:00000000       main                       0000000180000280 f   main.obj
 0001:00000908       __cdeGetAppIf              0000000180000b88 f   toritoC64R:osifUefiShellCRT04NonEDK.obj
 0001:000009a4       __CdeChkCtrlC              0000000180000c24 f   toritoC64R:osifUefiShellCRT04NonEDK.obj
 0001:000009d8       _MainEntryPointShell       0000000180000c58 f   toritoC64R:osifUefiShellCRT04NonEDK.obj
 0001:00001100       _osifUefiShellCRT04NonEDK  0000000180001380 f   toritoC64R:osifUefiShellCRT04NonEDK.obj
 0001:00001108       __acrt_iob_func            0000000180001388 f   toritoC64R:__acrt_iob_func.obj
 0001:00001150       fprintf                    00000001800013d0 f   toritoC64R:Fprintf.obj
 0001:00001174       printf                     00000001800013f4 f   toritoC64R:Printf.obj
 0001:000011ec       sscanf                     000000018000146c f   toritoC64R:Sscanf.obj
 0001:00001254       malloc                     00000001800014d4 f   toritoC64R:Malloc.obj
 0001:00001260       realloc                    00000001800014e0 f   toritoC64R:Realloc.obj
 0001:00001298       strcpy                     0000000180001518 f   toritoC64R:StrCpy.obj
 0001:000012d0       strcmp                     0000000180001550 f   toritoC64R:StrCmp.obj
 0001:0000130c       memset                     000000018000158c f   toritoC64R:MemSet.obj
 0001:00001330       strlen                     00000001800015b0 f   toritoC64R:StrLen.obj
 0001:00001344       wcscpy                     00000001800015c4 f   toritoC64R:WcsCpy.obj
 0001:0000137c       wcscmp                     00000001800015fc f   toritoC64R:WcsCmp.obj
 0001:000013b8       strerror                   0000000180001638 f   toritoC64R:StrError.obj
 0001:000013dc       strefierror                000000018000165c f   toritoC64R:StrError.obj
 0001:00001404       _sigdfl                    0000000180001684 f   toritoC64R:_sigdfl.obj
 0001:0000140c       _CdeDbgPutChar             000000018000168c f   toritoC64R:_CdeDbgPutChar.obj
 0001:00001594       VwxPrintf                  0000000180001814 f   toritoC64R:VwxPrintf.obj
 0001:00002408       _strlen                    0000000180002688 f   toritoC64R:VwxPrintf.obj
 0001:00002420       _wcslen                    00000001800026a0 f   toritoC64R:VwxPrintf.obj
 0001:0000243c       ComputeFieldSize           00000001800026bc f   toritoC64R:VwxPrintf.obj
 0001:00002478       ydes                       00000001800026f8 f   toritoC64R:VwxPrintf.obj
 0001:00002ab0       VwxScanf                   0000000180002d30 f   toritoC64R:VwxScanf.obj
 0001:00003d0c       WcsStrTok                  0000000180003f8c f   toritoC64R:WcsStrTok.obj
 0001:00003e0c       WcsStrPbrkSpn              000000018000408c f   toritoC64R:WcsStrPbrkSpn.obj
 0001:00003f40       MemRealloc                 00000001800041c0 f   toritoC64R:MemRealloc.obj
 0001:00004354       MemStrxCpy                 00000001800045d4 f   toritoC64R:MemStrxCpy.obj
 0001:00004448       MemStrxCmp                 00000001800046c8 f   toritoC64R:MemStrxCmp.obj
 0001:00004588       osifIbmAtGetTime           0000000180004808 f   toritoC64R:osifIbmAtGetTime.obj
 0001:00004724       osifIbmAtGetTscPerSec      00000001800049a4 f   toritoC64R:osifIbmAtGetTscPerSec.obj
 0001:00004780       osifIbmAtGetTsc            0000000180004a00 f   toritoC64R:osifIbmAtGetTsc.obj
 0001:0000478c       osifUefiShellMemAlloc      0000000180004a0c f   toritoC64R:osifUefiShellMemAlloc.obj
 0001:000047d0       osifUefiShellMemFree       0000000180004a50 f   toritoC64R:osifUefiShellMemFree.obj
 0001:000047e8       osifUefiShellFileWrite     0000000180004a68 f   toritoC64R:osifUefiShellFileWrite.obj
 0001:00004918       osifUefiShellFileRead      0000000180004b98 f   toritoC64R:osifUefiShellFileRead.obj
 0001:00004b44       osifUefiShellFileSetPos    0000000180004dc4 f   toritoC64R:osifUefiShellFileSetPos.obj
 0001:00004bfc       osifUefiShellFileOpen      0000000180004e7c f   toritoC64R:osifUefiShellFileOpen.obj
 0001:00005088       osifUefiShellFileClose     0000000180005308 f   toritoC64R:osifUefiShellFileClose.obj
 0001:000050d8       osifUefiShellFileDelete    0000000180005358 f   toritoC64R:osifUefiShellFileDelete.obj
 0001:00005100       osifUefiShellFileRename    0000000180005380 f   toritoC64R:osifUefiShellFileRename.obj
 0001:00005408       osifUefiShellCmdExec       0000000180005688 f   toritoC64R:osifUefiShellCmdExec.obj
 0001:00005504       osifUefiShellGetEnv        0000000180005784 f   toritoC64R:osifUefiShellGetEnv.obj
 0001:000055ac       VMofine                    000000018000582c f   toritoC64R:VMofine.obj
 0001:00005968       XDump                      0000000180005be8 f   toritoC64R:XDump.obj
 0001:00006090       __cdeGetIOBuffer           0000000180006310 f   toritoC64R:__cdsGetIOBuffer.obj
 0001:00006098       fclose                     0000000180006318 f   toritoC64R:Fclose.obj
 0001:00006144       fgetc                      00000001800063c4 f   toritoC64R:Fgetc.obj
 0001:00006178       fwrite                     00000001800063f8 f   toritoC64R:Fwrite.obj
 0001:000063a0       sprintf                    0000000180006620 f   toritoC64R:Sprintf.obj
 0001:000063cc       raise                      000000018000664c f   toritoC64R:raise.obj
 0001:0000645c       free                       00000001800066dc f   toritoC64R:Free.obj
 0001:00006464       _cdeStr2Argcv              00000001800066e4 f   toritoC64R:_cdeStr2Argcv.obj
 0001:000066a0       __cdeGetCurrentPrivilegeLevel 0000000180006920 f   toritoC64R:CdeGetCurrentPrivilegeLevel64.obj
 0001:000066a8       _CdeLocateProtocol         0000000180006928 f   toritoC64R:_CdeLocateProtocol.obj
 0001:000066e0       _setjmp                    0000000180006960 f   toritoC64R:setjmp64.obj
 0001:00006788       UefiBootServicesTableLibConstructor 0000000180006a08 f   toritoC64R:UefiBootServicesTableLib.obj
 0001:000067a4       XISCLIBNOT                 0000000180006a24 f   toritoC64R:_initterm.obj
 0001:000067b0       XCSCLIBNOT                 0000000180006a30 f   toritoC64R:_initterm.obj
 0001:000067bc       XPSCLIBNOT                 0000000180006a3c f   toritoC64R:_initterm.obj
 0001:000067c8       XTSCLIBNOT                 0000000180006a48 f   toritoC64R:_initterm.obj
 0001:000067d4       _initterm_e                0000000180006a54 f   toritoC64R:_initterm.obj
 0001:00006814       _initterm                  0000000180006a94 f   toritoC64R:_initterm.obj
 0001:00006848       _errno                     0000000180006ac8 f   toritoC64R:errno.obj
 0001:00006850       vfprintf                   0000000180006ad0 f   toritoC64R:Vfprintf.obj
 0001:00006934       _CdeMemGetChar             0000000180006bb4 f   toritoC64R:_CdeMemGetChar.obj
 0001:00006944       _CdeMemUngetChar           0000000180006bc4 f   toritoC64R:_CdeMemUngetChar.obj
 0001:0000694c       _abort                     0000000180006bcc f   toritoC64R:_abort.obj
 0001:0000699c       _CdeDbgCOMInit             0000000180006c1c f   toritoC64R:_CdeDbgCOMInit.obj
 0001:00006ab8       _CdeDbgCOMReady2Send       0000000180006d38 f   toritoC64R:_CdeDbgCOMReady2Send.obj
 0001:00006ae8       _CdeDbgCOMSend             0000000180006d68 f   toritoC64R:_CdeDbgCOMSend.obj
 0001:00006b10       __CoreSprintf              0000000180006d90 f   toritoC64R:__CoreSprintf.obj
 0001:00006b60       isdigit                    0000000180006de0 f   toritoC64R:isdigit.obj
 0001:00006b74       isxdigit                   0000000180006df4 f   toritoC64R:isxdigit.obj
 0001:00006ba0       isspace                    0000000180006e20 f   toritoC64R:isspace.obj
 0001:00006bb8       _mktime64                  0000000180006e38 f   toritoC64R:mktime.obj
 0001:00006c48       mktime                     0000000180006ec8 f   toritoC64R:mktime.obj
 0001:00006c50       _gmltime                   0000000180006ed0 f   toritoC64R:_gmltime.obj
 0001:00006d6c       __cdeOnErrSet_status       0000000180006fec f   toritoC64R:__cdeOnErrSet_status.obj
 0001:00006d88       wcschr                     0000000180007008 f   toritoC64R:WcsChr.obj
 0001:00006dc0       wcscat                     0000000180007040 f   toritoC64R:WcsCat.obj
 0001:00006df0       wcsncmp                    0000000180007070 f   toritoC64R:WcsNCmp.obj
 0001:00006e38       wcsncpy                    00000001800070b8 f   toritoC64R:WcsNCpy.obj
 0001:00006e7c       wcstok                     00000001800070fc f   toritoC64R:WcsTok.obj
 0001:00006ecc       _wcsicmp                   000000018000714c f   toritoC64R:_WcsICmp.obj
 0001:00006f08       _CdeLocateHandleBuffer     0000000180007188 f   toritoC64R:_CdeLocateHandleBuffer.obj
 0001:00006f90       _cdeConvertDevicePathToText 0000000180007210 f   toritoC64R:_cdeConvertDevicePathToText.obj
 0001:00006fac       _CdeGetMapFromDevicePath   000000018000722c f   toritoC64R:_CdeGetMapFromDevicePath.obj
 0001:00006fc8       _CdeGetCurDir              0000000180007248 f   toritoC64R:_CdeGetCurDir.obj
 0001:00006fe4       wcsrchr                    0000000180007264 f   toritoC64R:WcsRChr.obj
 0001:0000703c       wcslen                     00000001800072bc f   toritoC64R:WcsLen.obj
 0001:00007050       __CoreClock                00000001800072d0 f   toritoC64R:__CoreClock.obj
 0001:0000709c       __CoreExit                 000000018000731c f   toritoC64R:__CoreExit.obj
 0001:000070b0       __CoreMofine               0000000180007330 f   toritoC64R:__CoreMofine.obj
 0001:000070fc       isalnum                    000000018000737c f   toritoC64R:isalnum.obj
 0001:00007124       fflush                     00000001800073a4 f   toritoC64R:Fflush.obj
 0001:000071ac       remove                     000000018000742c f   toritoC64R:Remove.obj
 0001:00007224       __cdeIsFilePointer         00000001800074a4 f   toritoC64R:__cdeIsFilePointer.obj
 0001:00007280       fread                      0000000180007500 f   toritoC64R:Fread.obj
 0001:00007510       vsnprintf                  0000000180007790 f   toritoC64R:Vsnprintf.obj
 0001:000075dc       _sig2idx                   000000018000785c f   toritoC64R:_sig2idx.obj
 0001:00007604       _sigign                    0000000180007884 f   toritoC64R:_sigign.obj
 0001:00007688       exit                       0000000180007908 f   toritoC64R:exit.obj
 0001:000076a8       _CdeMemPutChar             0000000180007928 f   toritoC64R:_CdeMemPutChar.obj
 0001:000076b4       gregorian2day              0000000180007934 f   toritoC64R:_greg2day.obj
 0001:00007730       day2gregorian              00000001800079b0 f   toritoC64R:_day2greg.obj
 0001:00007834       wcspbrk                    0000000180007ab4 f   toritoC64R:WcsPbrk.obj
 0001:00007878       memcpy                     0000000180007af8 f   toritoC64R:MemCpy.obj
 0001:00007898       _CdePoolWcs2AppWcs         0000000180007b18 f   toritoC64R:_CdePoolWcs2AppWcs.obj
 0001:00007910       longjmp                    0000000180007b90 f   toritoC64R:longjmp64.obj
 0001:000079bc       isalpha                    0000000180007c3c f   toritoC64R:isalpha.obj
 0001:000079e4       fopen                      0000000180007c64 f   toritoC64R:Fopen.obj
 0001:00007b34       __cdeOnErrSet_errno        0000000180007db4 f   toritoC64R:__cdeOnErrSet_errno.obj
 0001:00007b50       rewind                     0000000180007dd0 f   toritoC64R:Rewind.obj
 0001:00007b6c       _CdeMemPutNada             0000000180007dec f   toritoC64R:_CdeMemPutNada.obj
 0001:00007b70       abort                      0000000180007df0 f   toritoC64R:abort.obj
 0001:00007bd8       isupper                    0000000180007e58 f   toritoC64R:isupper.obj
 0001:00007be4       islower                    0000000180007e64 f   toritoC64R:islower.obj
 0001:00007bf8       strncpy                    0000000180007e78 f   toritoC64R:StrNCpy.obj
 0001:00007c3c       strtok                     0000000180007ebc f   toritoC64R:StrTok.obj
 0001:00007c80       fsetpos                    0000000180007f00 f   toritoC64R:Fsetpos.obj
 0002:00000000       __xc_a                     0000000180007fa0     toritoC64R:_initterm.obj
 0002:00000008       __xc_z                     0000000180007fa8     toritoC64R:_initterm.obj
 0002:00000010       __xi_a                     0000000180007fb0     toritoC64R:_initterm.obj
 0002:00000018       __xi_z                     0000000180007fb8     toritoC64R:_initterm.obj
 0002:00000020       __xp_a                     0000000180007fc0     toritoC64R:_initterm.obj
 0002:00000028       __xp_z                     0000000180007fc8     toritoC64R:_initterm.obj
 0002:00000030       __xt_a                     0000000180007fd0     toritoC64R:_initterm.obj
 0002:00000038       __xt_z                     0000000180007fd8     toritoC64R:_initterm.obj
 0002:00000040       ??_C@_04BCEBBOAK@?1cmd@    0000000180007fe0     main.obj
 0002:00000048       ??_C@_04INBMAKPJ@?1dis@    0000000180007fe8     main.obj
 0002:00000050       ??_C@_04EIBLALMK@?1ena@    0000000180007ff0     main.obj
 0002:00000058       ??_C@_04EJFMPNAD@?1del@    0000000180007ff8     main.obj
 0002:00000060       ??_C@_05IJKDEMEA@?1guid@   0000000180008000     main.obj
 0002:00000068       ??_C@_05LPMPKBIB@?1list@   0000000180008008     main.obj
 0002:00000070       ??_C@_02GLHBANAM@?1?$DP@   0000000180008010     main.obj
 0002:00000074       ??_C@_02JOILMGJP@?1h@      0000000180008014     main.obj
 0002:00000078       ??_C@_05HDIPJJLA@?1help@   0000000180008018     main.obj
 0002:00000080       ??_C@_0HE@JENICHIJ@?6LoadOption?5UEFI?5shell?5tool?5to?5@ 0000000180008020     main.obj
 0002:00000100       ??_C@_0GE@CNHIJOKC@CdeLoadOption?5?1guid?512345678?900@ 00000001800080a0     main.obj
 0002:00000168       ??_C@_0BK@OIHPKFHL@?5?5?5?5or?6LoadOption?5?1list?6?6@ 0000000180008108     main.obj
 0002:00000188       ??_C@_0DP@FIOANFFL@?5?5?5?5?1list?5?5?5list?5all?5command?5li@ 0000000180008128     main.obj
 0002:000001c8       ??_C@_0CK@GCGNNGGP@?5?5?5?5?1guid?5?5?5FILE_GUID?5of?5the?5PO@ 0000000180008168     main.obj
 0002:00000200       ??_C@_0ED@CLNLHKAP@?5?5?5?5?1cmd?5?5?5?5command?5line?5includ@ 00000001800081a0     main.obj
 0002:00000250       ??_C@_0EO@OEHIONND@?5?5?5?5?1dis?5?5?5?5disable?5a?5driver?5du@ 00000001800081f0     main.obj
 0002:000002a0       ??_C@_0CH@DOKDNGDN@?5?5?5?5?1ena?5?5?5?5enable?5a?5driver?5for@ 0000000180008240     main.obj
 0002:000002d0       ??_C@_0GK@MJJBIJIE@?5?5?5?5?1del?5?5?5?5delete?5command?5line@ 0000000180008270     main.obj
 0002:0000033c       ??_C@_11LOCGONAA@@         00000001800082dc     main.obj
 0002:00000340       ??_C@_0CM@DOLEJLOO@No?5?$CCCdeLoadOption?$CC?5variable?5fou@ 00000001800082e0     main.obj
 0002:00000370       ??_C@_0EI@JIJJGDAE@A?3?2EDK2020?9MinnowBoard?2CdePkg?2L@ 0000000180008310     main.obj
 0002:000003b8       ??_C@_1BM@PJHILOPO@?$AAC?$AAd?$AAe?$AAL?$AAo?$AAa?$AAd?$AAO?$AAp?$AAt?$AAi?$AAo?$AAn@ 0000000180008358     main.obj
 0002:000003d4       ??_C@_05HKKFJEBI@?$CFS?5?3?5@ 0000000180008374     main.obj
 0002:000003e0       ??_C@_0DE@HJAEGIGO@?$CF08X?9?$CF04X?9?$CF04X?9?$CF02X?$CF02X?9?$CF02X?$CF02@ 0000000180008380     main.obj
 0002:00000418       ??_C@_0P@BKFKCFOM@Start?5rejected@ 00000001800083b8     main.obj
 0002:00000427       ??_C@_00CNPNBAHC@@         00000001800083c7     main.obj
 0002:00000428       ??_C@_08GJPGANEG@?$CC?$CFs?$CC?5?$CFs?6@ 00000001800083c8     main.obj
 0002:00000440       ??_C@_0GE@JPNDPNAI@A?3?2EDK2020?9MinnowBoard?2CdePkg?2L@ 00000001800083e0     main.obj
 0002:000004a8       ??_C@_0DP@GMEAEDPA@MISSING?5parameter?3?5?1guid?5123456@ 0000000180008448     main.obj
 0002:000004e8       ??_C@_0DC@BCAHIDON@MISSING?5parameter?3?5?1cmd?5?$CCdriver@ 0000000180008488     main.obj
 0002:00000520       ??_C@_0BJ@POPDEOLM@?5?5?5?5?5?5?5?5?5?5?5?5?5?5?5?5?5?5?5?1dis?6@ 00000001800084c0     main.obj
 0002:00000540       ??_C@_0BJ@EBOGCIKL@?5?5?5?5?5?5?5?5?5?5?5?5?5?5?5?5?5?5?5?1ena?6@ 00000001800084e0     main.obj
 0002:00000560       ??_C@_0BJ@KDFPBFEJ@?5?5?5?5?5?5?5?5?5?5?5?5?5?5?5?5?5?5?5?1del?6@ 0000000180008500     main.obj
 0002:00000580       ??_C@_0DI@IDKFPMOM@?$CF8x?9?$CF4hx?9?$CF4hx?9?$CF2hhx?$CF2hhx?9?$CF2hhx?$CF@ 0000000180008520     main.obj
 0002:000005b8       ??_C@_0DP@KIJGPBKJ@Invalid?5GUID?5format?6Use?3?5111111@ 0000000180008558     main.obj
 0002:000005f8       ??_C@_0DO@PBBAMPPO@A?3?2EDK2020?9MinnowBoard?2CdePkg?2L@ 0000000180008598     main.obj
 0002:00000640       ??_C@_0FF@MOLILJIP@LoadOption?5?3?5?$CF08X?9?$CF04X?9?$CF04X?9?$CF02@ 00000001800085e0     main.obj
 0002:000006a0       ??_C@_0FE@PPODOCCN@LoadOption?5?3?5?$CF08X?9?$CF04X?9?$CF04X?9?$CF02@ 0000000180008640     main.obj
 0002:00000700       ??_C@_0KA@ILGOBBKO@A?3?2EDK2020?9MinnowBoard?2CdePkg?2L@ 00000001800086a0     main.obj
 0002:000007a0       ??_C@_0GH@EALDDKEO@LoadOption?5?3?5?$CF08X?9?$CF04X?9?$CF04X?9?$CF02@ 0000000180008740     main.obj
 0002:00000810       ??_C@_1GG@CBENNICG@?$AAF?$AAA?$AAT?$AAA?$AAL?$AA?5?$AAE?$AAR?$AAR?$AAO?$AAR?$AA?3?$AA?5?$AAR?$AAe@ 00000001800087b0     toritoC64R:osifUefiShellCRT04NonEDK.obj
 0002:00000880       ??_C@_1BKG@PIHDEHDC@?$AAF?$AAA?$AAT?$AAA?$AAL?$AA?5?$AAE?$AAR?$AAR?$AAO?$AAR?$AA?3?$AA?5?$AAS?$AAh@ 0000000180008820     toritoC64R:osifUefiShellCRT04NonEDK.obj
 0002:00000a28       ??_C@_02KPKOKMHB@?$CFS@    00000001800089c8     toritoC64R:osifUefiShellCRT04NonEDK.obj
 0002:00000a30       ??_C@_08INEPGKHH@No?5error@ 00000001800089d0     toritoC64R:StrError.obj
 0002:00000a40       ??_C@_0BI@BJFCGOHL@Operation?5not?5permitted@ 00000001800089e0     toritoC64R:StrError.obj
 0002:00000a58       ??_C@_0BK@FMDHKPNF@No?5such?5file?5or?5directory@ 00000001800089f8     toritoC64R:StrError.obj
 0002:00000a78       ??_C@_0BA@FKIAIBGA@No?5such?5process@ 0000000180008a18     toritoC64R:StrError.obj
 0002:00000a88       ??_C@_0BK@FJBOAFDK@Interrupted?5function?5call@ 0000000180008a28     toritoC64R:StrError.obj
 0002:00000aa8       ??_C@_0BD@KKNFOBBD@Input?1output?5error@ 0000000180008a48     toritoC64R:StrError.obj
 0002:00000ac0       ??_C@_0BK@DPKMCKJ@No?5such?5device?5or?5address@ 0000000180008a60     toritoC64R:StrError.obj
 0002:00000ae0       ??_C@_0BC@MFFGCDFL@Arg?5list?5too?5long@ 0000000180008a80     toritoC64R:StrError.obj
 0002:00000af8       ??_C@_0BC@HKPNECK@Exec?5format?5error@ 0000000180008a98     toritoC64R:StrError.obj
 0002:00000b10       ??_C@_0BE@NFGDDCEF@Bad?5file?5descriptor@ 0000000180008ab0     toritoC64R:StrError.obj
 0002:00000b28       ??_C@_0BD@LOHELEP@No?5child?5processes@ 0000000180008ac8     toritoC64R:StrError.obj
 0002:00000b40       ??_C@_0CB@EPFKGNAK@Resource?5temporarily?5unavailabl@ 0000000180008ae0     toritoC64R:StrError.obj
 0002:00000b68       ??_C@_0BB@IMDKMPFB@Not?5enough?5space@ 0000000180008b08     toritoC64R:StrError.obj
 0002:00000b80       ??_C@_0BC@HFNFNKAI@Permission?5denied@ 0000000180008b20     toritoC64R:StrError.obj
 0002:00000b98       ??_C@_0M@LOEHLCJD@Bad?5address@ 0000000180008b38     toritoC64R:StrError.obj
 0002:00000ba8       ??_C@_0M@IDOOOPNG@errnum?5?$DN?515@ 0000000180008b48     toritoC64R:StrError.obj
 0002:00000bb8       ??_C@_0BA@BIBLIOEK@Resource?5device@ 0000000180008b58     toritoC64R:StrError.obj
 0002:00000bc8       ??_C@_0M@NAAJNNGH@File?5exists@ 0000000180008b68     toritoC64R:StrError.obj
 0002:00000bd8       ??_C@_0O@OAMDNOCP@Improper?5link@ 0000000180008b78     toritoC64R:StrError.obj
 0002:00000be8       ??_C@_0P@NLEIANHE@No?5such?5device@ 0000000180008b88     toritoC64R:StrError.obj
 0002:00000bf8       ??_C@_0BA@CJBACOOL@Not?5a?5directory@ 0000000180008b98     toritoC64R:StrError.obj
 0002:00000c08       ??_C@_0P@NDHGCGKE@Is?5a?5directory@ 0000000180008ba8     toritoC64R:StrError.obj
 0002:00000c18       ??_C@_0BB@HMGGCEBG@Invalid?5argument@ 0000000180008bb8     toritoC64R:StrError.obj
 0002:00000c30       ??_C@_0BO@IIFBODJE@Too?5many?5open?5files?5in?5system@ 0000000180008bd0     toritoC64R:StrError.obj
 0002:00000c50       ??_C@_0BE@INBJMKGG@Too?5many?5open?5files@ 0000000180008bf0     toritoC64R:StrError.obj
 0002:00000c68       ??_C@_0CE@ONOKNLPF@Inappropriate?5I?1O?5control?5opera@ 0000000180008c08     toritoC64R:StrError.obj
 0002:00000c90       ??_C@_0M@KKIFACEM@errnum?5?$DN?526@ 0000000180008c30     toritoC64R:StrError.obj
 0002:00000ca0       ??_C@_0P@LFMMIPAE@File?5too?5large@ 0000000180008c40     toritoC64R:StrError.obj
 0002:00000cb0       ??_C@_0BI@FEALHKLD@No?5space?5left?5on?5device@ 0000000180008c50     toritoC64R:StrError.obj
 0002:00000cc8       ??_C@_0N@FEHLOILP@Invalid?5seek@ 0000000180008c68     toritoC64R:StrError.obj
 0002:00000cd8       ??_C@_0BG@DDBFNKBH@Read?9only?5file?5system@ 0000000180008c78     toritoC64R:StrError.obj
 0002:00000cf0       ??_C@_0P@PKCJJLLM@Too?5many?5links@ 0000000180008c90     toritoC64R:StrError.obj
 0002:00000d00       ??_C@_0M@LHEPIIOM@Broken?5pipe@ 0000000180008ca0     toritoC64R:StrError.obj
 0002:00000d10       ??_C@_0N@MMJPGLJK@Domain?5error@ 0000000180008cb0     toritoC64R:StrError.obj
 0002:00000d20       ??_C@_0BB@FCBJFCAJ@Result?5too?5large@ 0000000180008cc0     toritoC64R:StrError.obj
 0002:00000d38       ??_C@_0M@IAGKDLLI@errnum?5?$DN?535@ 0000000180008cd8     toritoC64R:StrError.obj
 0002:00000d48       ??_C@_0BK@JAEBMJJM@Resource?5deadlock?5avoided@ 0000000180008ce8     toritoC64R:StrError.obj
 0002:00000d68       ??_C@_0M@LCFMFJDK@errnum?5?$DN?537@ 0000000180008d08     toritoC64R:StrError.obj
 0002:00000d78       ??_C@_0BC@BEDIHIDK@Filename?5too?5long@ 0000000180008d18     toritoC64R:StrError.obj
 0002:00000d90       ??_C@_0BD@CLHBCGPB@No?5locks?5available@ 0000000180008d30     toritoC64R:StrError.obj
 0002:00000da8       ??_C@_0BJ@IHEHINLI@Function?5not?5implemented@ 0000000180008d48     toritoC64R:StrError.obj
 0002:00000dc8       ??_C@_0BE@ICMCHPHH@Directory?5not?5empty@ 0000000180008d68     toritoC64R:StrError.obj
 0002:00000de0       ??_C@_0BG@KLEAJEFJ@Illegal?5byte?5sequence@ 0000000180008d80     toritoC64R:StrError.obj
 0002:00000df8       ??_C@_07PBILKAFL@Success@  0000000180008d98     toritoC64R:StrError.obj
 0002:00000e00       ??_C@_0L@PMFNEKME@Load?5error@ 0000000180008da0     toritoC64R:StrError.obj
 0002:00000e10       ??_C@_0BC@DBAKKFEN@Invalid?5parameter@ 0000000180008db0     toritoC64R:StrError.obj
 0002:00000e28       ??_C@_0M@BEECMOIL@Unsupported@ 0000000180008dc8     toritoC64R:StrError.obj
 0002:00000e38       ??_C@_0BA@ICCMAINJ@Bad?5buffer?5size@ 0000000180008dd8     toritoC64R:StrError.obj
 0002:00000e48       ??_C@_0BB@OLKJDAH@Buffer?5too?5small@ 0000000180008de8     toritoC64R:StrError.obj
 0002:00000e60       ??_C@_09NNPKCNML@Not?5ready@ 0000000180008e00     toritoC64R:StrError.obj
 0002:00000e70       ??_C@_0N@HAOMBGEI@Device?5error@ 0000000180008e10     toritoC64R:StrError.obj
 0002:00000e80       ??_C@_0BA@PCBODGAB@Write?5protected@ 0000000180008e20     toritoC64R:StrError.obj
 0002:00000e90       ??_C@_0BB@CBNGNHNA@Out?5of?5resources@ 0000000180008e30     toritoC64R:StrError.obj
 0002:00000ea8       ??_C@_0BB@FPEIPKEJ@Volume?5corrupted@ 0000000180008e48     toritoC64R:StrError.obj
 0002:00000ec0       ??_C@_0M@LCHFNBFE@Volume?5full@ 0000000180008e60     toritoC64R:StrError.obj
 0002:00000ed0       ??_C@_08KDMMJGOL@No?5media@ 0000000180008e70     toritoC64R:StrError.obj
 0002:00000ee0       ??_C@_0O@JNCJKCCD@Media?5changed@ 0000000180008e80     toritoC64R:StrError.obj
 0002:00000ef0       ??_C@_09CCINFMOF@Not?5found@ 0000000180008e90     toritoC64R:StrError.obj
 0002:00000f00       ??_C@_0O@BKMDCBKC@Access?5denied@ 0000000180008ea0     toritoC64R:StrError.obj
 0002:00000f10       ??_C@_0M@MPFDJHOM@No?5response@ 0000000180008eb0     toritoC64R:StrError.obj
 0002:00000f20       ??_C@_0L@IFPBNFC@No?5mapping@ 0000000180008ec0     toritoC64R:StrError.obj
 0002:00000f30       ??_C@_07MKALMBDJ@Timeout@  0000000180008ed0     toritoC64R:StrError.obj
 0002:00000f38       ??_C@_0M@DCJFAFHJ@Not?5started@ 0000000180008ed8     toritoC64R:StrError.obj
 0002:00000f48       ??_C@_0BA@IGIBFFPH@Already?5started@ 0000000180008ee8     toritoC64R:StrError.obj
 0002:00000f58       ??_C@_07LCKDCBKK@Aborted@  0000000180008ef8     toritoC64R:StrError.obj
 0002:00000f60       ??_C@_0L@IJPDMKMN@Icmp?5error@ 0000000180008f00     toritoC64R:StrError.obj
 0002:00000f70       ??_C@_0L@KNLHMGP@Tftp?5error@ 0000000180008f10     toritoC64R:StrError.obj
 0002:00000f80       ??_C@_0P@NFDLBHIK@Protocol?5error@ 0000000180008f20     toritoC64R:StrError.obj
 0002:00000f90       ??_C@_0BF@LOJHAHJO@Incompatible?5version@ 0000000180008f30     toritoC64R:StrError.obj
 0002:00000fa8       ??_C@_0BD@OIJCCLDG@Security?5violation@ 0000000180008f48     toritoC64R:StrError.obj
 0002:00000fc0       ??_C@_09GCOLIMIF@Crc?5error@ 0000000180008f60     toritoC64R:StrError.obj
 0002:00000fd0       ??_C@_0N@OOFDCMI@End?5of?5media@ 0000000180008f70     toritoC64R:StrError.obj
 0002:00000fe0       ??_C@_0M@JLKPDLNL@End?5of?5file@ 0000000180008f80     toritoC64R:StrError.obj
 0002:00000ff0       ??_C@_0BB@CHGBEAEB@Invalid?5language@ 0000000180008f90     toritoC64R:StrError.obj
 0002:00001008       ??_C@_0O@NIPGCINC@Unknown?5error@ 0000000180008fa8     toritoC64R:StrError.obj
 0002:00001018       ??_C@_01LFCBOECM@?4@       0000000180008fb8     toritoC64R:_locale_C_.obj
 0002:0000101c       ??_C@_13JOFGPIOO@?$AA?4@   0000000180008fbc     toritoC64R:_locale_C_.obj
 0002:00001020       ??_C@_01GFHCPBMG@C@        0000000180008fc0     toritoC64R:_locale_C_.obj
 0002:00001028       ??_C@_0DB@NHMBHPIK@?$CF08X?9?$CF04X?9?$CF04X?9?$CF02X?$CF02X?9?$CF02X?$CF02@ 0000000180008fc8     toritoC64R:VwxPrintf.obj
 0002:00001060       ??_C@_0DB@PMLHLBMO@?$CF08x?9?$CF04x?9?$CF04x?9?$CF02x?$CF02x?9?$CF02x?$CF02@ 0000000180009000     toritoC64R:VwxPrintf.obj
 0002:00001098       ??_C@_0BK@FCPKCIDD@?$CF02d?1?$CF02d?1?$CF04d?5?5?$CF02d?3?$CF02d@ 0000000180009038     toritoC64R:VwxPrintf.obj
 0002:000010b4       ??_C@_03GOAGKKNE@?$CFqX@   0000000180009054     toritoC64R:VwxPrintf.obj
 0002:000010b8       ??_C@_0L@PLPBEPPC@Load?5Error@ 0000000180009058     toritoC64R:VwxPrintf.obj
 0002:000010c8       ??_C@_0BC@HOFHKGJN@Invalid?5Parameter@ 0000000180009068     toritoC64R:VwxPrintf.obj
 0002:000010e0       ??_C@_0BA@FLNMPMCF@Bad?5Buffer?5Size@ 0000000180009080     toritoC64R:VwxPrintf.obj
 0002:000010f0       ??_C@_0BB@EGELJFOB@Buffer?5Too?5Small@ 0000000180009090     toritoC64R:VwxPrintf.obj
 0002:00001108       ??_C@_09NKFGCIPN@Not?5Ready@ 00000001800090a8     toritoC64R:VwxPrintf.obj
 0002:00001118       ??_C@_0N@HHEABDHO@Device?5Error@ 00000001800090b8     toritoC64R:VwxPrintf.obj
 0002:00001128       ??_C@_0BA@LNEDDFNB@Write?5Protected@ 00000001800090c8     toritoC64R:VwxPrintf.obj
 0002:00001138       ??_C@_0BB@GOILNEAA@Out?5of?5Resources@ 00000001800090d8     toritoC64R:VwxPrintf.obj
 0002:00001150       ??_C@_0P@EIOJGIF@Volume?5Corrupt@ 00000001800090f0     toritoC64R:VwxPrintf.obj
 0002:00001160       ??_C@_0M@HDLEPOFA@Volume?5Full@ 0000000180009100     toritoC64R:VwxPrintf.obj
 0002:00001170       ??_C@_08KEGAJDNN@No?5Media@ 0000000180009110     toritoC64R:VwxPrintf.obj
 0002:00001180       ??_C@_09CFCBFJND@Not?5Found@ 0000000180009120     toritoC64R:VwxPrintf.obj
 0002:00001190       ??_C@_0O@NFHOBIDO@Access?5Denied@ 0000000180009130     toritoC64R:VwxPrintf.obj
 0002:000011a0       ??_C@_0M@ENKCBFEP@No?5Response@ 0000000180009140     toritoC64R:VwxPrintf.obj
 0002:000011b0       ??_C@_08PAFJCNGP@Time?5out@ 0000000180009150     toritoC64R:VwxPrintf.obj
 0002:000011c0       ??_C@_0L@LKIFCMNO@ICMP?5Error@ 0000000180009160     toritoC64R:VwxPrintf.obj
 0002:000011d0       ??_C@_0L@DJKNJKHM@TFTP?5Error@ 0000000180009170     toritoC64R:VwxPrintf.obj
 0002:000011e0       ??_C@_0P@NCJHBCLM@Protocol?5Error@ 0000000180009180     toritoC64R:VwxPrintf.obj
 0002:000011f0       ??_C@_0BG@CFJMNNJK@Warning?5Unknown?5Glyph@ 0000000180009190     toritoC64R:VwxPrintf.obj
 0002:00001208       ??_C@_0BH@GKKCJEPJ@Warning?5Delete?5Failure@ 00000001800091a8     toritoC64R:VwxPrintf.obj
 0002:00001220       ??_C@_0BG@ECIJMOED@Warning?5Write?5Failure@ 00000001800091c0     toritoC64R:VwxPrintf.obj
 0002:00001238       ??_C@_0BJ@ODIPDGHB@Warning?5Buffer?5Too?5Small@ 00000001800091d8     toritoC64R:VwxPrintf.obj
 0002:00001258       ??_C@_1O@CEDCILHN@?$AA?$CI?$AAn?$AAu?$AAl?$AAl?$AA?$CJ@ 00000001800091f8     toritoC64R:VwxPrintf.obj
 0002:00001268       ??_C@_06OJHGLDPL@?$CInull?$CJ@ 0000000180009208     toritoC64R:VwxPrintf.obj
 0002:00001270       __xmm@ffffffffffffffffffffffffffffffff 0000000180009210     toritoC64R:VwxScanf.obj
 0002:00001280       ??_C@_01KDCPPGHE@r@        0000000180009220     toritoC64R:osifUefiShellFileOpen.obj
 0002:00001284       ??_C@_02JDPG@rb@           0000000180009224     toritoC64R:osifUefiShellFileOpen.obj
 0002:00001288       ??_C@_02CBLLGHLK@r?$CL@    0000000180009228     toritoC64R:osifUefiShellFileOpen.obj
 0002:0000128c       ??_C@_03HMFOOINA@r?$CLb@   000000018000922c     toritoC64R:osifUefiShellFileOpen.obj
 0002:00001290       ??_C@_03CCKOKKND@rb?$CL@   0000000180009230     toritoC64R:osifUefiShellFileOpen.obj
 0002:00001294       ??_C@_01NOFIACDB@w@        0000000180009234     toritoC64R:osifUefiShellFileOpen.obj
 0002:00001298       ??_C@_02GMLFBBN@wb@        0000000180009238     toritoC64R:osifUefiShellFileOpen.obj
 0002:0000129c       ??_C@_02CHHAKFFB@w?$CL@    000000018000923c     toritoC64R:osifUefiShellFileOpen.obj
 0002:000012a0       ??_C@_03ELIABIOC@w?$CLb@   0000000180009240     toritoC64R:osifUefiShellFileOpen.obj
 0002:000012a4       ??_C@_03BFHAFKOB@wb?$CL@   0000000180009244     toritoC64R:osifUefiShellFileOpen.obj
 0002:000012a8       ??_C@_01MCMALHOG@a@        0000000180009248     toritoC64R:osifUefiShellFileOpen.obj
 0002:000012ac       ??_C@_02BOGAIONP@ab@       000000018000924c     toritoC64R:osifUefiShellFileOpen.obj
 0002:000012b0       ??_C@_02DPNLHKJD@a?$CL@    0000000180009250     toritoC64R:osifUefiShellFileOpen.obj
 0002:000012b4       ??_C@_03DOPCBAKB@a?$CLb@   0000000180009254     toritoC64R:osifUefiShellFileOpen.obj
 0002:000012b8       ??_C@_03GAACFCKC@ab?$CL@   0000000180009258     toritoC64R:osifUefiShellFileOpen.obj
 0002:000012bc       ??_C@_13PJJBFPED@?$AA?$DL@ 000000018000925c     toritoC64R:osifUefiShellFileOpen.obj
 0002:000012c0       ??_C@_13FPGAJAPJ@?$AA?2@   0000000180009260     toritoC64R:osifUefiShellFileOpen.obj
 0002:000012c4       ??_C@_02DPKJAMEF@?$CFd@    0000000180009264     toritoC64R:VMofine.obj
 0002:000012c8       ??_C@_0BM@DAECFMAP@?$CFs?$CFs?$CFs?$CFs?$CFs?$CFs?$CFs?$CFs?$CF010d?$CFs?$CFs?$CFs@ 0000000180009268     toritoC64R:VMofine.obj
 0002:000012e4       ??_C@_02HCKGKOFO@?$CI?$CJ@ 0000000180009284     toritoC64R:VMofine.obj
 0002:000012e8       ??_C@_01PKGAHCOL@?$CJ@     0000000180009288     toritoC64R:VMofine.obj
 0002:000012ec       ??_C@_01ODHLEDKK@?$CI@     000000018000928c     toritoC64R:VMofine.obj
 0002:000012f0       ??_C@_01CLKCMJKC@?5@       0000000180009290     toritoC64R:VMofine.obj
 0002:000012f8       ??_C@_0BD@LIHNMEBN@?$CFs?$CFs?$CFs?$CFs?$CFs?$CFs?$CFs?$CFs?$CFs@ 0000000180009298     toritoC64R:VMofine.obj
 0002:00001310       ??_C@_0BK@IKLFGGKA@?$CFs?$CFs?$CFs?$CFs?$CFs?$CFs?$CFs?$CFs?$CF010d?$CFs?$CFs@ 00000001800092b0     toritoC64R:VMofine.obj
 0002:00001338       ??_C@_09IINBGKIA@?$CF016llX?3?5@ 00000001800092d8     toritoC64R:XDump.obj
 0002:00001348       ??_C@_08FOOEKCDB@?$CF08llX?3?5@ 00000001800092e8     toritoC64R:XDump.obj
 0002:00001358       ??_C@_08JJEEMIEF@?$CF04llX?3?5@ 00000001800092f8     toritoC64R:XDump.obj
 0002:00001368       ??_C@_08PKJEPNHP@?$CF02llX?3?5@ 0000000180009308     toritoC64R:XDump.obj
 0002:00001374       ??_C@_02HAOIJKIC@?$CFc@    0000000180009314     toritoC64R:XDump.obj
 0002:00001378       ??_C@_02KFKPNHPM@?9?5@     0000000180009318     toritoC64R:XDump.obj
 0002:0000137c       ??_C@_05BFHEBJNP@?$CF02X?5@ 000000018000931c     toritoC64R:XDump.obj
 0002:00001384       ??_C@_05DABPEGAD@?$CF04X?5@ 0000000180009324     toritoC64R:XDump.obj
 0002:0000138c       ??_C@_05HKMJPJLL@?$CF08X?5@ 000000018000932c     toritoC64R:XDump.obj
 0002:00001398       ??_C@_08FCHDLMML@?$CF016llX?5@ 0000000180009338     toritoC64R:XDump.obj
 0002:000013a4       ??_C@_01EEMJAFIK@?6@       0000000180009344     toritoC64R:XDump.obj
 0002:000013a8       ??_C@_0CE@NLPNMFHG@invalid?5parameter?3?5?$CFS?$CI?$CFd?$CJ?5?$CFS?$CI?$CJ?5@ 0000000180009348     toritoC64R:_invalid_parameter_handler.obj
 0002:000013d0       ??_C@_0BD@NEDHKJBG@invalid?5parameter?6@ 0000000180009370     toritoC64R:_invalid_parameter_handler.obj
 0002:000013e4       ??_C@_02OJDBNLEE@?5?7@     0000000180009384     toritoC64R:Fopen.obj
 0002:000013e8       ??_C@_0BO@ICHKIABJ@abnormal?5program?5termination?6@ 0000000180009388     toritoC64R:abort.obj
 0003:00000000       gCdeSystemVolumes          0000000180009ac0     toritoC64R:osifUefiShellCRT04NonEDK.obj
 0003:00001f38       _locale_C_                 000000018000b9f8     toritoC64R:_locale_C_.obj
 0003:00001f60       rgFACCESSMODE              000000018000ba20     toritoC64R:osifUefiShellFileOpen.obj
 0003:00002280       _gCdeCopyRight             000000018000bd40     toritoC64R:_gCdeCopyright.obj
 0003:00002710       _gCdeEfiShellProtocolGuid  000000018000c1d0     toritoC64R:EFI_SHELL_PROTOCOL_GUID.obj
 0003:00002720       _gCdeCfgCmdLnParmPoolMemRetain 000000018000c1e0     toritoC64R:_gCdeCfgCmdLnParmPoolMemRetain.obj
 0003:00002740       _gCdeCfgMofineRawSeparator 000000018000c200     toritoC64R:_gCdeCfgMofineRawSeparator.obj
 0003:00002758       pinvalid_parameter_handler 000000018000c218     toritoC64R:_invalid_parameter_handler.obj
 0003:00004170       gszEmpty                   000000018000dc30     toritoC64R:VwxPrintf.obj
 0003:00004ff0       _gSTDOUTMode               000000018000eab0     toritoC64R:_gSTDOUTMode.obj
 0003:00004ff8       gImageHandle               000000018000eab8     toritoC64R:UefiBootServicesTableLib.obj
 0003:00005000       gST                        000000018000eac0     toritoC64R:UefiBootServicesTableLib.obj
 0003:00005008       gBS                        000000018000eac8     toritoC64R:UefiBootServicesTableLib.obj
 0003:00005010       _gCdeCfgCmdLnParmReportStatusCodeCOM1 000000018000ead0     toritoC64R:_gCdeCfgCmdLnParmReportStatusCodeCOM1.obj
 0003:00005011       _gCdeCfgCmdLnParmReportStatusCodeSTDOUT 000000018000ead1     toritoC64R:_gCdeCfgCmdLnParmReportStatusCodeSTDOUT.obj
 0003:00005018       efierrno                   000000018000ead8     <common>
 0003:00005020       __errno                    000000018000eae0     <common>
 0003:00005028       pConIOPutStr               000000018000eae8     <common>
 0003:00005030       pConIOClr                  000000018000eaf0     <common>
 0003:00005038       pCdeEfiDevicePathToTextProtocol 000000018000eaf8     <common>
 0003:00005040       hCdeImage                  000000018000eb00     <common>
 0003:00005048       pCdeRS                     000000018000eb08     <common>
 0003:00005050       pCdeBS                     000000018000eb10     <common>
 0003:00005058       pCdeST                     000000018000eb18     <common>
 0003:00005060       gszCdeDriverName           000000018000eb20     <common>
 0003:00005068       pEfiShellProtocol          000000018000eb28     <common>

 entry point at        0001:00001100

 Static symbols

 0001:00000924       _StdOutPutChar             0000000180000ba4 f   toritoC64R:osifUefiShellCRT04NonEDK.obj
 0001:00000984       _StdInGetChar              0000000180000c04 f   toritoC64R:osifUefiShellCRT04NonEDK.obj
 0001:000023c8       $LN246                     0000000180002648     toritoC64R:VwxPrintf.obj
 0001:00002480       nfill                      0000000180002700 f   toritoC64R:VwxPrintf.obj
 0001:000024f0       nprintfield                0000000180002770 f   toritoC64R:VwxPrintf.obj
 0001:0000289c       num2str                    0000000180002b1c f   toritoC64R:VwxPrintf.obj
 0001:000029e4       str2dev                    0000000180002c64 f   toritoC64R:VwxPrintf.obj
 0001:0000388c       IsCharInNumberRange        0000000180003b0c f   toritoC64R:VwxScanf.obj
 0001:00003900       str2num                    0000000180003b80 f   toritoC64R:VwxScanf.obj
 0001:00005250       myConIOClr                 00000001800054d0 f   toritoC64R:osifUefiShellCmdExec.obj
 0001:0000525c       myConIOPutStr              00000001800054dc f   toritoC64R:osifUefiShellCmdExec.obj
 0001:00005e28       PrintAscii                 00000001800060a8 f   toritoC64R:XDump.obj
 0001:000066a0       $$000000                   0000000180006920     toritoC64R:CdeGetCurrentPrivilegeLevel64.obj
 0001:000066e0       $$000000                   0000000180006960     toritoC64R:setjmp64.obj
 0001:00007608       invalid_parameter_handler  0000000180007888 f   toritoC64R:_invalid_parameter_handler.obj
 0001:00007910       $$000000                   0000000180007b90     toritoC64R:longjmp64.obj
 0002:0000132c       szTwoSpaces                00000001800092cc     toritoC64R:XDump.obj
 0002:00001330       szOneSpace                 00000001800092d0     toritoC64R:XDump.obj
 0002:00001544       $unwind$main               00000001800094e4     main.obj
 0002:0000155c       $unwind$__cdeGetAppIf      00000001800094fc     toritoC64R:osifUefiShellCRT04NonEDK.obj
 0002:00001564       $unwind$_StdOutPutChar     0000000180009504     toritoC64R:osifUefiShellCRT04NonEDK.obj
 0002:00001574       $unwind$_StdInGetChar      0000000180009514     toritoC64R:osifUefiShellCRT04NonEDK.obj
 0002:0000157c       $unwind$__CdeChkCtrlC      000000018000951c     toritoC64R:osifUefiShellCRT04NonEDK.obj
 0002:00001584       $unwind$_MainEntryPointShell 0000000180009524     toritoC64R:osifUefiShellCRT04NonEDK.obj
 0002:000015a4       $unwind$__acrt_iob_func    0000000180009544     toritoC64R:__acrt_iob_func.obj
 0002:000015b0       $unwind$fprintf            0000000180009550     toritoC64R:Fprintf.obj
 0002:000015b8       $unwind$printf             0000000180009558     toritoC64R:Printf.obj
 0002:000015c0       $unwind$sscanf             0000000180009560     toritoC64R:Sscanf.obj
 0002:000015c8       $unwind$realloc            0000000180009568     toritoC64R:Realloc.obj
 0002:000015d4       $unwind$strcpy             0000000180009574     toritoC64R:StrCpy.obj
 0002:000015e0       $unwind$strcmp             0000000180009580     toritoC64R:StrCmp.obj
 0002:000015ec       $unwind$memset             000000018000958c     toritoC64R:MemSet.obj
 0002:000015f4       $unwind$wcscpy             0000000180009594     toritoC64R:WcsCpy.obj
 0002:00001600       $unwind$wcscmp             00000001800095a0     toritoC64R:WcsCmp.obj
 0002:0000160c       $unwind$_CdeDbgPutChar     00000001800095ac     toritoC64R:_CdeDbgPutChar.obj
 0002:00001624       $unwind$VwxPrintf          00000001800095c4     toritoC64R:VwxPrintf.obj
 0002:0000163c       $unwind$str2dev            00000001800095dc     toritoC64R:VwxPrintf.obj
 0002:00001654       $unwind$num2str            00000001800095f4     toritoC64R:VwxPrintf.obj
 0002:00001670       $unwind$nfill              0000000180009610     toritoC64R:VwxPrintf.obj
 0002:00001688       $unwind$nprintfield        0000000180009628     toritoC64R:VwxPrintf.obj
 0002:000016a0       $unwind$str2num            0000000180009640     toritoC64R:VwxScanf.obj
 0002:000016b4       $unwind$VwxScanf           0000000180009654     toritoC64R:VwxScanf.obj
 0002:000016d0       $unwind$WcsStrTok          0000000180009670     toritoC64R:WcsStrTok.obj
 0002:000016ec       $unwind$WcsStrPbrkSpn      000000018000968c     toritoC64R:WcsStrPbrkSpn.obj
 0002:00001708       $unwind$MemRealloc         00000001800096a8     toritoC64R:MemRealloc.obj
 0002:00001724       $unwind$MemStrxCpy         00000001800096c4     toritoC64R:MemStrxCpy.obj
 0002:0000173c       $unwind$MemStrxCmp         00000001800096dc     toritoC64R:MemStrxCmp.obj
 0002:00001758       $unwind$osifIbmAtGetTime   00000001800096f8     toritoC64R:osifIbmAtGetTime.obj
 0002:00001764       $unwind$osifIbmAtGetTscPerSec 0000000180009704     toritoC64R:osifIbmAtGetTscPerSec.obj
 0002:0000176c       $unwind$osifUefiShellMemAlloc 000000018000970c     toritoC64R:osifUefiShellMemAlloc.obj
 0002:00001774       $unwind$osifUefiShellFileWrite 0000000180009714     toritoC64R:osifUefiShellFileWrite.obj
 0002:00001788       $unwind$osifUefiShellFileRead 0000000180009728     toritoC64R:osifUefiShellFileRead.obj
 0002:0000179c       $unwind$osifUefiShellFileSetPos 000000018000973c     toritoC64R:osifUefiShellFileSetPos.obj
 0002:000017b0       $unwind$osifUefiShellFileOpen 0000000180009750     toritoC64R:osifUefiShellFileOpen.obj
 0002:000017c8       $unwind$osifUefiShellFileClose 0000000180009768     toritoC64R:osifUefiShellFileClose.obj
 0002:000017d4       $unwind$osifUefiShellFileDelete 0000000180009774     toritoC64R:osifUefiShellFileDelete.obj
 0002:000017dc       $unwind$osifUefiShellFileRename 000000018000977c     toritoC64R:osifUefiShellFileRename.obj
 0002:000017f8       $unwind$myConIOPutStr      0000000180009798     toritoC64R:osifUefiShellCmdExec.obj
 0002:00001808       $unwind$osifUefiShellCmdExec 00000001800097a8     toritoC64R:osifUefiShellCmdExec.obj
 0002:00001818       $unwind$osifUefiShellGetEnv 00000001800097b8     toritoC64R:osifUefiShellGetEnv.obj
 0002:0000182c       $unwind$VMofine            00000001800097cc     toritoC64R:VMofine.obj
 0002:0000184c       $unwind$XDump              00000001800097ec     toritoC64R:XDump.obj
 0002:00001864       $unwind$PrintAscii         0000000180009804     toritoC64R:XDump.obj
 0002:00001880       $unwind$fclose             0000000180009820     toritoC64R:Fclose.obj
 0002:00001890       $unwind$fgetc              0000000180009830     toritoC64R:Fgetc.obj
 0002:00001898       $unwind$fwrite             0000000180009838     toritoC64R:Fwrite.obj
 0002:000018b0       $unwind$sprintf            0000000180009850     toritoC64R:Sprintf.obj
 0002:000018b8       $unwind$raise              0000000180009858     toritoC64R:raise.obj
 0002:000018c8       $unwind$_cdeStr2Argcv      0000000180009868     toritoC64R:_cdeStr2Argcv.obj
 0002:000018e4       $unwind$_CdeLocateProtocol 0000000180009884     toritoC64R:_CdeLocateProtocol.obj
 0002:000018ec       $unwind$_initterm_e        000000018000988c     toritoC64R:_initterm.obj
 0002:000018f8       $unwind$_initterm          0000000180009898     toritoC64R:_initterm.obj
 0002:00001904       $unwind$vfprintf           00000001800098a4     toritoC64R:Vfprintf.obj
 0002:00001918       $unwind$_abort             00000001800098b8     toritoC64R:_abort.obj
 0002:00001920       $unwind$__CoreSprintf      00000001800098c0     toritoC64R:__CoreSprintf.obj
 0002:00001928       $unwind$isxdigit           00000001800098c8     toritoC64R:isxdigit.obj
 0002:00001930       $unwind$_mktime64          00000001800098d0     toritoC64R:mktime.obj
 0002:00001938       $unwind$_gmltime           00000001800098d8     toritoC64R:_gmltime.obj
 0002:00001944       $unwind$wcschr             00000001800098e4     toritoC64R:WcsChr.obj
 0002:0000194c       $unwind$wcscat             00000001800098ec     toritoC64R:WcsCat.obj
 0002:00001958       $unwind$wcsncmp            00000001800098f8     toritoC64R:WcsNCmp.obj
 0002:00001968       $unwind$wcsncpy            0000000180009908     toritoC64R:WcsNCpy.obj
 0002:00001978       $unwind$wcstok             0000000180009918     toritoC64R:WcsTok.obj
 0002:00001988       $unwind$_wcsicmp           0000000180009928     toritoC64R:_WcsICmp.obj
 0002:00001994       $unwind$_CdeLocateHandleBuffer 0000000180009934     toritoC64R:_CdeLocateHandleBuffer.obj
 0002:000019a4       $unwind$_cdeConvertDevicePathToText 0000000180009944     toritoC64R:_cdeConvertDevicePathToText.obj
 0002:000019ac       $unwind$_CdeGetMapFromDevicePath 000000018000994c     toritoC64R:_CdeGetMapFromDevicePath.obj
 0002:000019b4       $unwind$_CdeGetCurDir      0000000180009954     toritoC64R:_CdeGetCurDir.obj
 0002:000019bc       $unwind$wcsrchr            000000018000995c     toritoC64R:WcsRChr.obj
 0002:000019c8       $unwind$__CoreClock        0000000180009968     toritoC64R:__CoreClock.obj
 0002:000019d4       $unwind$__CoreExit         0000000180009974     toritoC64R:__CoreExit.obj
 0002:000019dc       $unwind$__CoreMofine       000000018000997c     toritoC64R:__CoreMofine.obj
 0002:000019e4       $unwind$isalnum            0000000180009984     toritoC64R:isalnum.obj
 0002:000019f0       $unwind$fflush             0000000180009990     toritoC64R:Fflush.obj
 0002:00001a00       $unwind$remove             00000001800099a0     toritoC64R:Remove.obj
 0002:00001a14       $unwind$__cdeIsFilePointer 00000001800099b4     toritoC64R:__cdeIsFilePointer.obj
 0002:00001a24       $unwind$fread              00000001800099c4     toritoC64R:Fread.obj
 0002:00001a3c       $unwind$vsnprintf          00000001800099dc     toritoC64R:Vsnprintf.obj
 0002:00001a54       $unwind$invalid_parameter_handler 00000001800099f4     toritoC64R:_invalid_parameter_handler.obj
 0002:00001a68       $unwind$exit               0000000180009a08     toritoC64R:exit.obj
 0002:00001a70       $unwind$day2gregorian      0000000180009a10     toritoC64R:_day2greg.obj
 0002:00001a7c       $unwind$wcspbrk            0000000180009a1c     toritoC64R:WcsPbrk.obj
 0002:00001a88       $unwind$_CdePoolWcs2AppWcs 0000000180009a28     toritoC64R:_CdePoolWcs2AppWcs.obj
 0002:00001a98       $unwind$isalpha            0000000180009a38     toritoC64R:isalpha.obj
 0002:00001aa4       $unwind$fopen              0000000180009a44     toritoC64R:Fopen.obj
 0002:00001ab8       $unwind$__cdeOnErrSet_errno 0000000180009a58     toritoC64R:__cdeOnErrSet_errno.obj
 0002:00001ac0       $unwind$rewind             0000000180009a60     toritoC64R:Rewind.obj
 0002:00001ac8       $unwind$abort              0000000180009a68     toritoC64R:abort.obj
 0002:00001ad4       $unwind$strncpy            0000000180009a74     toritoC64R:StrNCpy.obj
 0002:00001ae4       $unwind$strtok             0000000180009a84     toritoC64R:StrTok.obj
 0002:00001af0       $unwind$fsetpos            0000000180009a90     toritoC64R:Fsetpos.obj
 0003:00000f20       gCdeServicesShell          000000018000a9e0     toritoC64R:osifUefiShellCRT04NonEDK.obj
 0003:00001070       CdeAppIfShell              000000018000ab30     toritoC64R:osifUefiShellCRT04NonEDK.obj
 0003:00001580       _gEfiStatusCodeRuntimeProtocolGuid 000000018000b040     toritoC64R:osifUefiShellCRT04NonEDK.obj
 0003:00001590       pCdeAppIf                  000000018000b050     toritoC64R:osifUefiShellCRT04NonEDK.obj
 0003:00001598       ?RomParmVWXPRINTF@?1??_MainEntryPointShell@@9@9 000000018000b058     toritoC64R:osifUefiShellCRT04NonEDK.obj
 0003:000015a0       ?encstrings@?1??_MainEntryPointShell@@9@9 000000018000b060     toritoC64R:osifUefiShellCRT04NonEDK.obj
 0003:00001bc0       ?EfiLoadedImageProtocolGuid@?1??_MainEntryPointShell@@9@9 000000018000b680     toritoC64R:osifUefiShellCRT04NonEDK.obj
 0003:00001bd0       ?EfiShellParametersProtocolGuid@?BE@??_MainEntryPointShell@@9@9 000000018000b690     toritoC64R:osifUefiShellCRT04NonEDK.obj
 0003:00001be0       ?helpstrings@?BH@??_MainEntryPointShell@@9@9 000000018000b6a0     toritoC64R:osifUefiShellCRT04NonEDK.obj
 0003:00001c10       ?ROMPARM@?BK@??_MainEntryPointShell@@9@9 000000018000b6d0     toritoC64R:osifUefiShellCRT04NonEDK.obj
 0003:00001c18       RomParm                    000000018000b6d8     toritoC64R:Printf.obj
 0003:00001c20       RomParm                    000000018000b6e0     toritoC64R:Sscanf.obj
 0003:00001c2c       ROMPARM                    000000018000b6ec     toritoC64R:StrCmp.obj
 0003:00001c34       ROMPARM                    000000018000b6f4     toritoC64R:WcsCmp.obj
 0003:00001c40       rgszSysErrors              000000018000b700     toritoC64R:StrError.obj
 0003:00001d98       ?pszRet@?1??strefierror@@9@9 000000018000b858     toritoC64R:StrError.obj
 0003:00001da0       rgszEfiErrors              000000018000b860     toritoC64R:StrError.obj
 0003:00001ea0       _locale                    000000018000b960     toritoC64R:_locale_C_.obj
 0003:00001f50       ?action@?6??MemRealloc@@9@9 000000018000ba10     toritoC64R:MemRealloc.obj
 0003:00002160       _gEfiDevicePathProtocolGuid 000000018000bc20     toritoC64R:osifUefiShellFileOpen.obj
 0003:00002170       _gEfiSimpleFileSystemProtocolGuid 000000018000bc30     toritoC64R:osifUefiShellFileOpen.obj
 0003:00002180       _gEfiDevicePathToTextProtocolGuid 000000018000bc40     toritoC64R:osifUefiShellFileOpen.obj
 0003:00002190       ?wcsSHELL@?1??myConIOPutStr@@9@9 000000018000bc50     toritoC64R:osifUefiShellCmdExec.obj
 0003:000021c8       ?wcsMAP@?1??myConIOPutStr@@9@9 000000018000bc88     toritoC64R:osifUefiShellCmdExec.obj
 0003:000021e8       ?wcsALIAS@?1??myConIOPutStr@@9@9 000000018000bca8     toritoC64R:osifUefiShellCmdExec.obj
 0003:00002200       ?wcsBLK@?1??myConIOPutStr@@9@9 000000018000bcc0     toritoC64R:osifUefiShellCmdExec.obj
 0003:00002218       ?wcsBLK2@?1??myConIOPutStr@@9@9 000000018000bcd8     toritoC64R:osifUefiShellCmdExec.obj
 0003:00002228       ?wcsFS@?1??myConIOPutStr@@9@9 000000018000bce8     toritoC64R:osifUefiShellCmdExec.obj
 0003:00002240       ?wcsFS2@?1??myConIOPutStr@@9@9 000000018000bd00     toritoC64R:osifUefiShellCmdExec.obj
 0003:00002250       ?rgszAddrXX@?1??XDump@@9@9 000000018000bd10     toritoC64R:XDump.obj
 0003:00002724       ?RomParm@?1??__CoreSprintf@@9@9 000000018000c1e4     toritoC64R:__CoreSprintf.obj
 0003:0000272c       ROMPARM                    000000018000c1ec     toritoC64R:WcsNCmp.obj
 0003:00002734       ROMPARM                    000000018000c1f4     toritoC64R:WcsTok.obj
 0003:00002738       ROMPARM                    000000018000c1f8     toritoC64R:_WcsICmp.obj
 0003:00002744       RomParm                    000000018000c204     toritoC64R:Vsnprintf.obj
 0003:00002750       ?sigorder@?1??_sig2idx@@9@9 000000018000c210     toritoC64R:_sig2idx.obj
 0003:00002760       ROMPARM                    000000018000c220     toritoC64R:StrTok.obj
 0003:00002770       _iob                       000000018000c230     toritoC64R:osifUefiShellCRT04NonEDK.obj
 0003:00004180       ?wcBuffer@?1??osifUefiShellFileWrite@@9@9 000000018000dc40     toritoC64R:osifUefiShellFileWrite.obj
 0003:00004590       ?wcbuffer@?3??osifUefiShellFileRead@@9@9 000000018000e050     toritoC64R:osifUefiShellFileRead.obj
 0003:00004990       ?wcsFilePath@?5??osifUefiShellFileOpen@@9@9 000000018000e450     toritoC64R:osifUefiShellFileOpen.obj
 0003:00004ba0       ?wcsFileName@?5??osifUefiShellFileOpen@@9@9 000000018000e660     toritoC64R:osifUefiShellFileOpen.obj
 0003:00004da8       ?wcsDrive@?5??osifUefiShellFileOpen@@9@9 000000018000e868     toritoC64R:osifUefiShellFileOpen.obj
 0003:00004dc8       ?wcsDrive2@?5??osifUefiShellFileOpen@@9@9 000000018000e888     toritoC64R:osifUefiShellFileOpen.obj
 0003:00004de8       state                      000000018000e8a8     toritoC64R:osifUefiShellCmdExec.obj
 0003:00004df0       ?buffer@?1??osifUefiShellGetEnv@@9@9 000000018000e8b0     toritoC64R:osifUefiShellGetEnv.obj
