 LoadOption

 Timestamp is 611a0ed3 (Mon Aug 16 09:08:03 2021)

 Preferred load address is 0000000180000000

 Start         Length     Name                   Class
 0001:00000000 0000f86fH .text$mn                CODE
 0002:00000000 00000008H .CRT$XCA                DATA
 0002:00000008 00000008H .CRT$XCSCLIBNOT         DATA
 0002:00000010 00000008H .CRT$XCZ                DATA
 0002:00000018 00000008H .CRT$XIA                DATA
 0002:00000020 00000008H .CRT$XISCLIBNOT         DATA
 0002:00000028 00000008H .CRT$XIZ                DATA
 0002:00000030 00000008H .CRT$XPA                DATA
 0002:00000038 00000008H .CRT$XPSCLIBNOT         DATA
 0002:00000040 00000008H .CRT$XPZ                DATA
 0002:00000048 00000008H .CRT$XTA                DATA
 0002:00000050 00000008H .CRT$XTSCLIBNOT         DATA
 0002:00000058 00000008H .CRT$XTZ                DATA
 0002:00000060 00001404H .rdata                  DATA
 0002:00001464 00000048H .rdata$voltmd           DATA
 0002:000014ac 00000198H .rdata$zzzdbg           DATA
 0002:00001644 00000018H .xdata                  DATA
 0002:0000165c 00000000H .edata                  DATA
 0003:00000000 00002780H .data                   DATA
 0003:00002780 000028e0H .bss                    DATA
 0004:00000000 0000000cH .pdata                  DATA

  Address         Publics by Value              Rva+Base               Lib:Object

 0000:00000000       __guard_check_icall_a64n_fptr 0000000000000000     <absolute>
 0000:00000000       __arm64x_redirection_metadata 0000000000000000     <absolute>
 0000:00000000       __guard_eh_cont_count      0000000000000000     <absolute>
 0000:00000000       __guard_flags              0000000000000000     <absolute>
 0000:00000000       __AbsoluteZero             0000000000000000     <absolute>
 0000:00000000       __hybrid_code_map_count    0000000000000000     <absolute>
 0000:00000000       __hybrid_auxiliary_iat_copy 0000000000000000     <absolute>
 0000:00000000       ___safe_se_handler_count   0000000000000000     <absolute>
 0000:00000000       __guard_iat_table          0000000000000000     <absolute>
 0000:00000000       __arm64x_native_entrypoint 0000000000000000     <absolute>
 0000:00000000       __arm64x_extra_rfe_table_size 0000000000000000     <absolute>
 0000:00000000       __hybrid_code_map          0000000000000000     <absolute>
 0000:00000000       __guard_eh_cont_table      0000000000000000     <absolute>
 0000:00000000       __arm64x_extra_rfe_table   0000000000000000     <absolute>
 0000:00000000       __guard_fids_table         0000000000000000     <absolute>
 0000:00000000       __x64_code_ranges_to_entry_points_count 0000000000000000     <absolute>
 0000:00000000       __guard_iat_count          0000000000000000     <absolute>
 0000:00000000       __guard_fids_count         0000000000000000     <absolute>
 0000:00000000       __enclave_config           0000000000000000     <absolute>
 0000:00000000       __arm64x_redirection_metadata_count 0000000000000000     <absolute>
 0000:00000000       __guard_longjmp_count      0000000000000000     <absolute>
 0000:00000000       ___safe_se_handler_table   0000000000000000     <absolute>
 0000:00000000       __x64_code_ranges_to_entry_points 0000000000000000     <absolute>
 0000:00000000       __guard_longjmp_table      0000000000000000     <absolute>
 0000:00000000       __hybrid_auxiliary_iat     0000000000000000     <absolute>
 0000:00000000       __dynamic_value_reloc_table 0000000000000000     <absolute>
 0000:00000000       __ImageBase                0000000180000000     <linker-defined>
 0001:00000000       main                       0000000180000280 f   main.obj
 0001:00000930       __cdeGetAppIf              0000000180000bb0 f   toroC64:osifUefiShellEntryPoint.obj
 0001:000009f0       __CdeChkCtrlC              0000000180000c70 f   toroC64:osifUefiShellEntryPoint.obj
 0001:00000a30       _MainEntryPointShell       0000000180000cb0 f   toroC64:osifUefiShellEntryPoint.obj
 0001:00001560       _cdeCRT0UefiShell          00000001800017e0 f   toroC64:osifUefiShellEntryPoint.obj
 0001:000015c0       __acrt_iob_func            0000000180001840 f   toroC64:__acrt_iob_func.obj
 0001:00001630       fprintf                    00000001800018b0 f   toroC64:Fprintf.obj
 0001:00001690       printf                     0000000180001910 f   toroC64:Printf.obj
 0001:00001740       sscanf                     00000001800019c0 f   toroC64:Sscanf.obj
 0001:000017f0       malloc                     0000000180001a70 f   toroC64:Malloc.obj
 0001:00001810       realloc                    0000000180001a90 f   toroC64:Realloc.obj
 0001:00001870       strerror                   0000000180001af0 f   toroC64:StrError.obj
 0001:000018b0       strefierror                0000000180001b30 f   toroC64:StrError.obj
 0001:00001930       strcmp                     0000000180001bb0 f   toroC64:StrCmp.obj
 0001:00001980       wcscmp                     0000000180001c00 f   toroC64:WcsCmp.obj
 0001:000019d0       _CdeDbgPutChar             0000000180001c50 f   toroC64:_CdeDbgPutChar.obj
 0001:00001d60       VwxPrintf                  0000000180001fe0 f   toroC64:VwxPrintf.obj
 0001:00003ef0       _strlen                    0000000180004170 f   toroC64:VwxPrintf.obj
 0001:00003f30       _wcslen                    00000001800041b0 f   toroC64:VwxPrintf.obj
 0001:000040b0       ComputeFieldSize           0000000180004330 f   toroC64:VwxPrintf.obj
 0001:00004e70       ydes                       00000001800050f0 f   toroC64:VwxPrintf.obj
 0001:00005ac0       VwxScanf                   0000000180005d40 f   toroC64:VwxScanf.obj
 0001:00007530       WcsStrTok                  00000001800077b0 f   toroC64:WcsStrTok.obj
 0001:00007760       WcsStrPbrkSpn              00000001800079e0 f   toroC64:WcsStrPbrkSpn.obj
 0001:00007a90       MemRealloc                 0000000180007d10 f   toroC64:MemRealloc.obj
 0001:00008720       MemStrxCpy                 00000001800089a0 f   toroC64:MemStrxCpy.obj
 0001:000088e0       MemStrxCmp                 0000000180008b60 f   toroC64:MemStrxCmp.obj
 0001:00008d80       osifIbmAtGetTime           0000000180009000 f   toroC64:osifIbmAtGetTime.obj
 0001:00008f90       osifIbmAtGetTscPerSec      0000000180009210 f   toroC64:osifIbmAtGetTscPerSec.obj
 0001:000090b0       osifIbmAtGetTsc            0000000180009330 f   toroC64:osifIbmAtGetTsc.obj
 0001:000090c0       osifUefiShellMemAlloc      0000000180009340 f   toroC64:osifUefiShellMemAlloc.obj
 0001:00009140       osifUefiShellMemFree       00000001800093c0 f   toroC64:osifUefiShellMemFree.obj
 0001:00009190       osifUefiShellFileWrite     0000000180009410 f   toroC64:osifUefiShellFileWrite.obj
 0001:00009420       osifUefiShellFileRead      00000001800096a0 f   toroC64:osifUefiShellFileRead.obj
 0001:000099c0       osifUefiShellFileSetPos    0000000180009c40 f   toroC64:osifUefiShellFileSetPos.obj
 0001:00009ea0       osifUefiShellFileOpen      000000018000a120 f   toroC64:osifUefiShellFileOpen.obj
 0001:0000a530       osifUefiShellFileClose     000000018000a7b0 f   toroC64:osifUefiShellFileClose.obj
 0001:0000a5c0       osifUefiShellFileDelete    000000018000a840 f   toroC64:osifUefiShellFileDelete.obj
 0001:0000a620       osifUefiShellFileRename    000000018000a8a0 f   toroC64:osifUefiShellFileRename.obj
 0001:0000aa40       osifUefiShellCmdExec       000000018000acc0 f   toroC64:osifUefiShellCmdExec.obj
 0001:0000abb0       osifUefiShellGetEnv        000000018000ae30 f   toroC64:osifUefiShellGetEnv.obj
 0001:0000acf0       VMofine                    000000018000af70 f   toroC64:VMofine.obj
 0001:0000b620       XDump                      000000018000b8a0 f   toroC64:XDump.obj
 0001:0000c540       _sigdfl                    000000018000c7c0 f   toroC64:_sigdfl.obj
 0001:0000c560       __cdeGetIOBuffer           000000018000c7e0 f   toroC64:__cdsGetIOBuffer.obj
 0001:0000c580       fclose                     000000018000c800 f   toroC64:Fclose.obj
 0001:0000c6b0       fgetc                      000000018000c930 f   toroC64:Fgetc.obj
 0001:0000c700       fwrite                     000000018000c980 f   toroC64:Fwrite.obj
 0001:0000cb80       sprintf                    000000018000ce00 f   toroC64:Sprintf.obj
 0001:0000cbe0       raise                      000000018000ce60 f   toroC64:raise.obj
 0001:0000ccb0       free                       000000018000cf30 f   toroC64:Free.obj
 0001:0000ccd0       memset                     000000018000cf50 f   toroC64:MemSet.obj
 0001:0000cd30       _CdeLocateProtocol         000000018000cfb0 f   toroC64:_CdeLocateProtocol.obj
 0001:0000cd90       _cdeStr2Argcv              000000018000d010 f   toroC64:_cdeStr2Argcv.obj
 0001:0000d220       __cdeGetCurrentPrivilegeLevel 000000018000d4a0 f   toroC64:CdeGetCurrentPrivilegeLevel64.obj
 0001:0000d230       _setjmp                    000000018000d4b0 f   toroC64:setjmp64.obj
 0001:0000d2e0       XISCLIBNOT                 000000018000d560 f   toroC64:_initterm.obj
 0001:0000d2f0       XCSCLIBNOT                 000000018000d570 f   toroC64:_initterm.obj
 0001:0000d300       XPSCLIBNOT                 000000018000d580 f   toroC64:_initterm.obj
 0001:0000d310       XTSCLIBNOT                 000000018000d590 f   toroC64:_initterm.obj
 0001:0000d320       _initterm_e                000000018000d5a0 f   toroC64:_initterm.obj
 0001:0000d380       _initterm                  000000018000d600 f   toroC64:_initterm.obj
 0001:0000d3d0       _errno                     000000018000d650 f   toroC64:errno.obj
 0001:0000d3e0       vfprintf                   000000018000d660 f   toroC64:Vfprintf.obj
 0001:0000d570       _CdeMemGetChar             000000018000d7f0 f   toroC64:_CdeMemGetChar.obj
 0001:0000d5c0       _CdeMemUngetChar           000000018000d840 f   toroC64:_CdeMemUngetChar.obj
 0001:0000d600       _CdeDbgCOMInit             000000018000d880 f   toroC64:_CdeDbgCOMInit.obj
 0001:0000d830       _CdeDbgCOMReady2Send       000000018000dab0 f   toroC64:_CdeDbgCOMReady2Send.obj
 0001:0000d8a0       _CdeDbgCOMSend             000000018000db20 f   toroC64:_CdeDbgCOMSend.obj
 0001:0000d8f0       __CoreSprintf              000000018000db70 f   toroC64:__CoreSprintf.obj
 0001:0000d9b0       isdigit                    000000018000dc30 f   toroC64:isdigit.obj
 0001:0000d9e0       isxdigit                   000000018000dc60 f   toroC64:isxdigit.obj
 0001:0000da30       isspace                    000000018000dcb0 f   toroC64:isspace.obj
 0001:0000da80       _mktime64                  000000018000dd00 f   toroC64:mktime.obj
 0001:0000db90       mktime                     000000018000de10 f   toroC64:mktime.obj
 0001:0000dbb0       _gmltime                   000000018000de30 f   toroC64:_gmltime.obj
 0001:0000dd10       __cdeOnErrSet_status       000000018000df90 f   toroC64:__cdeOnErrSet_status.obj
 0001:0000dd30       wcschr                     000000018000dfb0 f   toroC64:WcsChr.obj
 0001:0000ddb0       wcscat                     000000018000e030 f   toroC64:WcsCat.obj
 0001:0000ddf0       wcscpy                     000000018000e070 f   toroC64:WcsCpy.obj
 0001:0000de40       wcsncmp                    000000018000e0c0 f   toroC64:WcsNCmp.obj
 0001:0000de90       wcsncpy                    000000018000e110 f   toroC64:WcsNCpy.obj
 0001:0000dee0       wcstok                     000000018000e160 f   toroC64:WcsTok.obj
 0001:0000df30       _wcsicmp                   000000018000e1b0 f   toroC64:_WcsICmp.obj
 0001:0000df80       _CdeLocateHandleBuffer     000000018000e200 f   toroC64:_CdeLocateHandleBuffer.obj
 0001:0000e050       _cdeConvertDevicePathToText 000000018000e2d0 f   toroC64:_cdeConvertDevicePathToText.obj
 0001:0000e090       _CdeGetMapFromDevicePath   000000018000e310 f   toroC64:_CdeGetMapFromDevicePath.obj
 0001:0000e0c0       _CdeGetCurDir              000000018000e340 f   toroC64:_CdeGetCurDir.obj
 0001:0000e0f0       wcsrchr                    000000018000e370 f   toroC64:WcsRChr.obj
 0001:0000e190       wcslen                     000000018000e410 f   toroC64:WcsLen.obj
 0001:0000e1d0       strlen                     000000018000e450 f   toroC64:StrLen.obj
 0001:0000e210       __CoreClock                000000018000e490 f   toroC64:__CoreClock.obj
 0001:0000e270       __CoreExit                 000000018000e4f0 f   toroC64:__CoreExit.obj
 0001:0000e2b0       __CoreMofine               000000018000e530 f   toroC64:__CoreMofine.obj
 0001:0000e360       isalnum                    000000018000e5e0 f   toroC64:isalnum.obj
 0001:0000e390       _abort                     000000018000e610 f   toroC64:_abort.obj
 0001:0000e400       fflush                     000000018000e680 f   toroC64:Fflush.obj
 0001:0000e4f0       remove                     000000018000e770 f   toroC64:Remove.obj
 0001:0000e580       __cdeIsFilePointer         000000018000e800 f   toroC64:__cdeIsFilePointer.obj
 0001:0000e630       fread                      000000018000e8b0 f   toroC64:Fread.obj
 0001:0000eb20       vsnprintf                  000000018000eda0 f   toroC64:Vsnprintf.obj
 0001:0000ec70       _sig2idx                   000000018000eef0 f   toroC64:_sig2idx.obj
 0001:0000ece0       _sigign                    000000018000ef60 f   toroC64:_sigign.obj
 0001:0000ed70       _CdeMemPutChar             000000018000eff0 f   toroC64:_CdeMemPutChar.obj
 0001:0000edb0       gregorian2day              000000018000f030 f   toroC64:_greg2day.obj
 0001:0000ee70       day2gregorian              000000018000f0f0 f   toroC64:_day2greg.obj
 0001:0000efd0       wcspbrk                    000000018000f250 f   toroC64:WcsPbrk.obj
 0001:0000f040       memcpy                     000000018000f2c0 f   toroC64:MemCpy.obj
 0001:0000f0b0       _CdePoolWcs2AppWcs         000000018000f330 f   toroC64:_CdePoolWcs2AppWcs.obj
 0001:0000f140       longjmp                    000000018000f3c0 f   toroC64:longjmp64.obj
 0001:0000f1f0       isalpha                    000000018000f470 f   toroC64:isalpha.obj
 0001:0000f220       exit                       000000018000f4a0 f   toroC64:exit.obj
 0001:0000f260       fopen                      000000018000f4e0 f   toroC64:Fopen.obj
 0001:0000f4f0       __cdeOnErrSet_errno        000000018000f770 f   toroC64:__cdeOnErrSet_errno.obj
 0001:0000f520       rewind                     000000018000f7a0 f   toroC64:Rewind.obj
 0001:0000f550       _CdeMemPutNada             000000018000f7d0 f   toroC64:_CdeMemPutNada.obj
 0001:0000f560       abort                      000000018000f7e0 f   toroC64:abort.obj
 0001:0000f5f0       isupper                    000000018000f870 f   toroC64:isupper.obj
 0001:0000f620       islower                    000000018000f8a0 f   toroC64:islower.obj
 0001:0000f650       strcpy                     000000018000f8d0 f   toroC64:StrCpy.obj
 0001:0000f6a0       strncpy                    000000018000f920 f   toroC64:StrNCpy.obj
 0001:0000f6f0       strtok                     000000018000f970 f   toroC64:StrTok.obj
 0001:0000f750       fsetpos                    000000018000f9d0 f   toroC64:Fsetpos.obj
 0002:00000000       __xc_a                     000000018000fb00     toroC64:_initterm.obj
 0002:00000010       __xc_z                     000000018000fb10     toroC64:_initterm.obj
 0002:00000018       __xi_a                     000000018000fb18     toroC64:_initterm.obj
 0002:00000028       __xi_z                     000000018000fb28     toroC64:_initterm.obj
 0002:00000030       __xp_a                     000000018000fb30     toroC64:_initterm.obj
 0002:00000040       __xp_z                     000000018000fb40     toroC64:_initterm.obj
 0002:00000048       __xt_a                     000000018000fb48     toroC64:_initterm.obj
 0002:00000058       __xt_z                     000000018000fb58     toroC64:_initterm.obj
 0002:00000060       ??_C@_04BCEBBOAK@?1cmd@    000000018000fb60     main.obj
 0002:00000068       ??_C@_04INBMAKPJ@?1dis@    000000018000fb68     main.obj
 0002:00000070       ??_C@_04EIBLALMK@?1ena@    000000018000fb70     main.obj
 0002:00000078       ??_C@_04EJFMPNAD@?1del@    000000018000fb78     main.obj
 0002:00000080       ??_C@_05IJKDEMEA@?1guid@   000000018000fb80     main.obj
 0002:00000088       ??_C@_05LPMPKBIB@?1list@   000000018000fb88     main.obj
 0002:00000090       ??_C@_05HDIPJJLA@?1help@   000000018000fb90     main.obj
 0002:000000a0       ??_C@_0HE@JENICHIJ@?6LoadOption?5UEFI?5shell?5tool?5to?5@ 000000018000fba0     main.obj
 0002:00000120       ??_C@_0GE@CNHIJOKC@CdeLoadOption?5?1guid?512345678?900@ 000000018000fc20     main.obj
 0002:00000188       ??_C@_0BK@OIHPKFHL@?5?5?5?5or?6LoadOption?5?1list?6?6@ 000000018000fc88     main.obj
 0002:000001a8       ??_C@_0DP@FIOANFFL@?5?5?5?5?1list?5?5?5list?5all?5command?5li@ 000000018000fca8     main.obj
 0002:000001e8       ??_C@_0CK@GCGNNGGP@?5?5?5?5?1guid?5?5?5FILE_GUID?5of?5the?5PO@ 000000018000fce8     main.obj
 0002:00000220       ??_C@_0ED@CLNLHKAP@?5?5?5?5?1cmd?5?5?5?5command?5line?5includ@ 000000018000fd20     main.obj
 0002:00000270       ??_C@_0EO@OEHIONND@?5?5?5?5?1dis?5?5?5?5disable?5a?5driver?5du@ 000000018000fd70     main.obj
 0002:000002c0       ??_C@_0CH@DOKDNGDN@?5?5?5?5?1ena?5?5?5?5enable?5a?5driver?5for@ 000000018000fdc0     main.obj
 0002:000002f0       ??_C@_0GK@MJJBIJIE@?5?5?5?5?1del?5?5?5?5delete?5command?5line@ 000000018000fdf0     main.obj
 0002:00000360       ??_C@_0CM@DOLEJLOO@No?5?$CCCdeLoadOption?$CC?5variable?5fou@ 000000018000fe60     main.obj
 0002:00000390       ??_C@_0FD@GNPLIMEP@T?3?2EDK2020?9MinnowBoard20210624_@ 000000018000fe90     main.obj
 0002:000003e8       ??_C@_1BM@PJHILOPO@?$AAC?$AAd?$AAe?$AAL?$AAo?$AAa?$AAd?$AAO?$AAp?$AAt?$AAi?$AAo?$AAn@ 000000018000fee8     main.obj
 0002:00000404       ??_C@_05HKKFJEBI@?$CFS?5?3?5@ 000000018000ff04     main.obj
 0002:00000410       ??_C@_0DE@HJAEGIGO@?$CF08X?9?$CF04X?9?$CF04X?9?$CF02X?$CF02X?9?$CF02X?$CF02@ 000000018000ff10     main.obj
 0002:00000448       ??_C@_0P@BKFKCFOM@Start?5rejected@ 000000018000ff48     main.obj
 0002:00000457       ??_C@_00CNPNBAHC@@         000000018000ff57     main.obj
 0002:00000458       ??_C@_08GJPGANEG@?$CC?$CFs?$CC?5?$CFs?6@ 000000018000ff58     main.obj
 0002:00000470       ??_C@_0GP@JDLLONKP@T?3?2EDK2020?9MinnowBoard20210624_@ 000000018000ff70     main.obj
 0002:000004e0       ??_C@_0DP@GMEAEDPA@MISSING?5parameter?3?5?1guid?5123456@ 000000018000ffe0     main.obj
 0002:00000520       ??_C@_0DC@BCAHIDON@MISSING?5parameter?3?5?1cmd?5?$CCdriver@ 0000000180010020     main.obj
 0002:00000558       ??_C@_0BJ@POPDEOLM@?5?5?5?5?5?5?5?5?5?5?5?5?5?5?5?5?5?5?5?1dis?6@ 0000000180010058     main.obj
 0002:00000578       ??_C@_0BJ@EBOGCIKL@?5?5?5?5?5?5?5?5?5?5?5?5?5?5?5?5?5?5?5?1ena?6@ 0000000180010078     main.obj
 0002:00000598       ??_C@_0BJ@KDFPBFEJ@?5?5?5?5?5?5?5?5?5?5?5?5?5?5?5?5?5?5?5?1del?6@ 0000000180010098     main.obj
 0002:000005b8       ??_C@_0DI@IDKFPMOM@?$CF8x?9?$CF4hx?9?$CF4hx?9?$CF2hhx?$CF2hhx?9?$CF2hhx?$CF@ 00000001800100b8     main.obj
 0002:000005f0       ??_C@_0DP@KIJGPBKJ@Invalid?5GUID?5format?6Use?3?5111111@ 00000001800100f0     main.obj
 0002:00000630       ??_C@_0EJ@FMENDFHF@T?3?2EDK2020?9MinnowBoard20210624_@ 0000000180010130     main.obj
 0002:00000680       ??_C@_0FF@MOLILJIP@LoadOption?5?3?5?$CF08X?9?$CF04X?9?$CF04X?9?$CF02@ 0000000180010180     main.obj
 0002:000006e0       ??_C@_0FE@PPODOCCN@LoadOption?5?3?5?$CF08X?9?$CF04X?9?$CF04X?9?$CF02@ 00000001800101e0     main.obj
 0002:00000740       ??_C@_0KL@CLDKBCCF@T?3?2EDK2020?9MinnowBoard20210624_@ 0000000180010240     main.obj
 0002:000007f0       ??_C@_0GH@EALDDKEO@LoadOption?5?3?5?$CF08X?9?$CF04X?9?$CF04X?9?$CF02@ 00000001800102f0     main.obj
 0002:00000860       ??_C@_1GG@CBENNICG@?$AAF?$AAA?$AAT?$AAA?$AAL?$AA?5?$AAE?$AAR?$AAR?$AAO?$AAR?$AA?3?$AA?5?$AAR?$AAe@ 0000000180010360     toroC64:osifUefiShellEntryPoint.obj
 0002:000008d0       ??_C@_1BKG@PIHDEHDC@?$AAF?$AAA?$AAT?$AAA?$AAL?$AA?5?$AAE?$AAR?$AAR?$AAO?$AAR?$AA?3?$AA?5?$AAS?$AAh@ 00000001800103d0     toroC64:osifUefiShellEntryPoint.obj
 0002:00000a78       ??_C@_02KPKOKMHB@?$CFS@    0000000180010578     toroC64:osifUefiShellEntryPoint.obj
 0002:00000a80       ??_C@_08INEPGKHH@No?5error@ 0000000180010580     toroC64:StrError.obj
 0002:00000a90       ??_C@_0BI@BJFCGOHL@Operation?5not?5permitted@ 0000000180010590     toroC64:StrError.obj
 0002:00000aa8       ??_C@_0BK@FMDHKPNF@No?5such?5file?5or?5directory@ 00000001800105a8     toroC64:StrError.obj
 0002:00000ac8       ??_C@_0BA@FKIAIBGA@No?5such?5process@ 00000001800105c8     toroC64:StrError.obj
 0002:00000ad8       ??_C@_0BK@FJBOAFDK@Interrupted?5function?5call@ 00000001800105d8     toroC64:StrError.obj
 0002:00000af8       ??_C@_0BD@KKNFOBBD@Input?1output?5error@ 00000001800105f8     toroC64:StrError.obj
 0002:00000b10       ??_C@_0BK@DPKMCKJ@No?5such?5device?5or?5address@ 0000000180010610     toroC64:StrError.obj
 0002:00000b30       ??_C@_0BC@MFFGCDFL@Arg?5list?5too?5long@ 0000000180010630     toroC64:StrError.obj
 0002:00000b48       ??_C@_0BC@HKPNECK@Exec?5format?5error@ 0000000180010648     toroC64:StrError.obj
 0002:00000b60       ??_C@_0BE@NFGDDCEF@Bad?5file?5descriptor@ 0000000180010660     toroC64:StrError.obj
 0002:00000b78       ??_C@_0BD@LOHELEP@No?5child?5processes@ 0000000180010678     toroC64:StrError.obj
 0002:00000b90       ??_C@_0CB@EPFKGNAK@Resource?5temporarily?5unavailabl@ 0000000180010690     toroC64:StrError.obj
 0002:00000bb8       ??_C@_0BB@IMDKMPFB@Not?5enough?5space@ 00000001800106b8     toroC64:StrError.obj
 0002:00000bd0       ??_C@_0BC@HFNFNKAI@Permission?5denied@ 00000001800106d0     toroC64:StrError.obj
 0002:00000be8       ??_C@_0M@LOEHLCJD@Bad?5address@ 00000001800106e8     toroC64:StrError.obj
 0002:00000bf8       ??_C@_0M@IDOOOPNG@errnum?5?$DN?515@ 00000001800106f8     toroC64:StrError.obj
 0002:00000c08       ??_C@_0BA@BIBLIOEK@Resource?5device@ 0000000180010708     toroC64:StrError.obj
 0002:00000c18       ??_C@_0M@NAAJNNGH@File?5exists@ 0000000180010718     toroC64:StrError.obj
 0002:00000c28       ??_C@_0O@OAMDNOCP@Improper?5link@ 0000000180010728     toroC64:StrError.obj
 0002:00000c38       ??_C@_0P@NLEIANHE@No?5such?5device@ 0000000180010738     toroC64:StrError.obj
 0002:00000c48       ??_C@_0BA@CJBACOOL@Not?5a?5directory@ 0000000180010748     toroC64:StrError.obj
 0002:00000c58       ??_C@_0P@NDHGCGKE@Is?5a?5directory@ 0000000180010758     toroC64:StrError.obj
 0002:00000c68       ??_C@_0BB@HMGGCEBG@Invalid?5argument@ 0000000180010768     toroC64:StrError.obj
 0002:00000c80       ??_C@_0BO@IIFBODJE@Too?5many?5open?5files?5in?5system@ 0000000180010780     toroC64:StrError.obj
 0002:00000ca0       ??_C@_0BE@INBJMKGG@Too?5many?5open?5files@ 00000001800107a0     toroC64:StrError.obj
 0002:00000cb8       ??_C@_0CE@ONOKNLPF@Inappropriate?5I?1O?5control?5opera@ 00000001800107b8     toroC64:StrError.obj
 0002:00000ce0       ??_C@_0M@KKIFACEM@errnum?5?$DN?526@ 00000001800107e0     toroC64:StrError.obj
 0002:00000cf0       ??_C@_0P@LFMMIPAE@File?5too?5large@ 00000001800107f0     toroC64:StrError.obj
 0002:00000d00       ??_C@_0BI@FEALHKLD@No?5space?5left?5on?5device@ 0000000180010800     toroC64:StrError.obj
 0002:00000d18       ??_C@_0N@FEHLOILP@Invalid?5seek@ 0000000180010818     toroC64:StrError.obj
 0002:00000d28       ??_C@_0BG@DDBFNKBH@Read?9only?5file?5system@ 0000000180010828     toroC64:StrError.obj
 0002:00000d40       ??_C@_0P@PKCJJLLM@Too?5many?5links@ 0000000180010840     toroC64:StrError.obj
 0002:00000d50       ??_C@_0M@LHEPIIOM@Broken?5pipe@ 0000000180010850     toroC64:StrError.obj
 0002:00000d60       ??_C@_0N@MMJPGLJK@Domain?5error@ 0000000180010860     toroC64:StrError.obj
 0002:00000d70       ??_C@_0BB@FCBJFCAJ@Result?5too?5large@ 0000000180010870     toroC64:StrError.obj
 0002:00000d88       ??_C@_0M@IAGKDLLI@errnum?5?$DN?535@ 0000000180010888     toroC64:StrError.obj
 0002:00000d98       ??_C@_0BK@JAEBMJJM@Resource?5deadlock?5avoided@ 0000000180010898     toroC64:StrError.obj
 0002:00000db8       ??_C@_0M@LCFMFJDK@errnum?5?$DN?537@ 00000001800108b8     toroC64:StrError.obj
 0002:00000dc8       ??_C@_0BC@BEDIHIDK@Filename?5too?5long@ 00000001800108c8     toroC64:StrError.obj
 0002:00000de0       ??_C@_0BD@CLHBCGPB@No?5locks?5available@ 00000001800108e0     toroC64:StrError.obj
 0002:00000df8       ??_C@_0BJ@IHEHINLI@Function?5not?5implemented@ 00000001800108f8     toroC64:StrError.obj
 0002:00000e18       ??_C@_0BE@ICMCHPHH@Directory?5not?5empty@ 0000000180010918     toroC64:StrError.obj
 0002:00000e30       ??_C@_0BG@KLEAJEFJ@Illegal?5byte?5sequence@ 0000000180010930     toroC64:StrError.obj
 0002:00000e48       ??_C@_07PBILKAFL@Success@  0000000180010948     toroC64:StrError.obj
 0002:00000e50       ??_C@_0L@PMFNEKME@Load?5error@ 0000000180010950     toroC64:StrError.obj
 0002:00000e60       ??_C@_0BC@DBAKKFEN@Invalid?5parameter@ 0000000180010960     toroC64:StrError.obj
 0002:00000e78       ??_C@_0M@BEECMOIL@Unsupported@ 0000000180010978     toroC64:StrError.obj
 0002:00000e88       ??_C@_0BA@ICCMAINJ@Bad?5buffer?5size@ 0000000180010988     toroC64:StrError.obj
 0002:00000e98       ??_C@_0BB@OLKJDAH@Buffer?5too?5small@ 0000000180010998     toroC64:StrError.obj
 0002:00000eb0       ??_C@_09NNPKCNML@Not?5ready@ 00000001800109b0     toroC64:StrError.obj
 0002:00000ec0       ??_C@_0N@HAOMBGEI@Device?5error@ 00000001800109c0     toroC64:StrError.obj
 0002:00000ed0       ??_C@_0BA@PCBODGAB@Write?5protected@ 00000001800109d0     toroC64:StrError.obj
 0002:00000ee0       ??_C@_0BB@CBNGNHNA@Out?5of?5resources@ 00000001800109e0     toroC64:StrError.obj
 0002:00000ef8       ??_C@_0BB@FPEIPKEJ@Volume?5corrupted@ 00000001800109f8     toroC64:StrError.obj
 0002:00000f10       ??_C@_0M@LCHFNBFE@Volume?5full@ 0000000180010a10     toroC64:StrError.obj
 0002:00000f20       ??_C@_08KDMMJGOL@No?5media@ 0000000180010a20     toroC64:StrError.obj
 0002:00000f30       ??_C@_0O@JNCJKCCD@Media?5changed@ 0000000180010a30     toroC64:StrError.obj
 0002:00000f40       ??_C@_09CCINFMOF@Not?5found@ 0000000180010a40     toroC64:StrError.obj
 0002:00000f50       ??_C@_0O@BKMDCBKC@Access?5denied@ 0000000180010a50     toroC64:StrError.obj
 0002:00000f60       ??_C@_0M@MPFDJHOM@No?5response@ 0000000180010a60     toroC64:StrError.obj
 0002:00000f70       ??_C@_0L@IFPBNFC@No?5mapping@ 0000000180010a70     toroC64:StrError.obj
 0002:00000f80       ??_C@_07MKALMBDJ@Timeout@  0000000180010a80     toroC64:StrError.obj
 0002:00000f88       ??_C@_0M@DCJFAFHJ@Not?5started@ 0000000180010a88     toroC64:StrError.obj
 0002:00000f98       ??_C@_0BA@IGIBFFPH@Already?5started@ 0000000180010a98     toroC64:StrError.obj
 0002:00000fa8       ??_C@_07LCKDCBKK@Aborted@  0000000180010aa8     toroC64:StrError.obj
 0002:00000fb0       ??_C@_0L@IJPDMKMN@Icmp?5error@ 0000000180010ab0     toroC64:StrError.obj
 0002:00000fc0       ??_C@_0L@KNLHMGP@Tftp?5error@ 0000000180010ac0     toroC64:StrError.obj
 0002:00000fd0       ??_C@_0P@NFDLBHIK@Protocol?5error@ 0000000180010ad0     toroC64:StrError.obj
 0002:00000fe0       ??_C@_0BF@LOJHAHJO@Incompatible?5version@ 0000000180010ae0     toroC64:StrError.obj
 0002:00000ff8       ??_C@_0BD@OIJCCLDG@Security?5violation@ 0000000180010af8     toroC64:StrError.obj
 0002:00001010       ??_C@_09GCOLIMIF@Crc?5error@ 0000000180010b10     toroC64:StrError.obj
 0002:00001020       ??_C@_0N@OOFDCMI@End?5of?5media@ 0000000180010b20     toroC64:StrError.obj
 0002:00001030       ??_C@_0M@JLKPDLNL@End?5of?5file@ 0000000180010b30     toroC64:StrError.obj
 0002:00001040       ??_C@_0BB@CHGBEAEB@Invalid?5language@ 0000000180010b40     toroC64:StrError.obj
 0002:00001058       ??_C@_0O@NIPGCINC@Unknown?5error@ 0000000180010b58     toroC64:StrError.obj
 0002:00001068       ??_C@_0DB@NHMBHPIK@?$CF08X?9?$CF04X?9?$CF04X?9?$CF02X?$CF02X?9?$CF02X?$CF02@ 0000000180010b68     toroC64:VwxPrintf.obj
 0002:000010a0       ??_C@_0DB@PMLHLBMO@?$CF08x?9?$CF04x?9?$CF04x?9?$CF02x?$CF02x?9?$CF02x?$CF02@ 0000000180010ba0     toroC64:VwxPrintf.obj
 0002:000010d8       ??_C@_0BK@FCPKCIDD@?$CF02d?1?$CF02d?1?$CF04d?5?5?$CF02d?3?$CF02d@ 0000000180010bd8     toroC64:VwxPrintf.obj
 0002:000010f4       ??_C@_03GOAGKKNE@?$CFqX@   0000000180010bf4     toroC64:VwxPrintf.obj
 0002:000010f8       ??_C@_0L@PLPBEPPC@Load?5Error@ 0000000180010bf8     toroC64:VwxPrintf.obj
 0002:00001108       ??_C@_0BC@HOFHKGJN@Invalid?5Parameter@ 0000000180010c08     toroC64:VwxPrintf.obj
 0002:00001120       ??_C@_0BA@FLNMPMCF@Bad?5Buffer?5Size@ 0000000180010c20     toroC64:VwxPrintf.obj
 0002:00001130       ??_C@_0BB@EGELJFOB@Buffer?5Too?5Small@ 0000000180010c30     toroC64:VwxPrintf.obj
 0002:00001148       ??_C@_09NKFGCIPN@Not?5Ready@ 0000000180010c48     toroC64:VwxPrintf.obj
 0002:00001158       ??_C@_0N@HHEABDHO@Device?5Error@ 0000000180010c58     toroC64:VwxPrintf.obj
 0002:00001168       ??_C@_0BA@LNEDDFNB@Write?5Protected@ 0000000180010c68     toroC64:VwxPrintf.obj
 0002:00001178       ??_C@_0BB@GOILNEAA@Out?5of?5Resources@ 0000000180010c78     toroC64:VwxPrintf.obj
 0002:00001190       ??_C@_0P@EIOJGIF@Volume?5Corrupt@ 0000000180010c90     toroC64:VwxPrintf.obj
 0002:000011a0       ??_C@_0M@HDLEPOFA@Volume?5Full@ 0000000180010ca0     toroC64:VwxPrintf.obj
 0002:000011b0       ??_C@_08KEGAJDNN@No?5Media@ 0000000180010cb0     toroC64:VwxPrintf.obj
 0002:000011c0       ??_C@_09CFCBFJND@Not?5Found@ 0000000180010cc0     toroC64:VwxPrintf.obj
 0002:000011d0       ??_C@_0O@NFHOBIDO@Access?5Denied@ 0000000180010cd0     toroC64:VwxPrintf.obj
 0002:000011e0       ??_C@_0M@ENKCBFEP@No?5Response@ 0000000180010ce0     toroC64:VwxPrintf.obj
 0002:000011f0       ??_C@_08PAFJCNGP@Time?5out@ 0000000180010cf0     toroC64:VwxPrintf.obj
 0002:00001200       ??_C@_0L@LKIFCMNO@ICMP?5Error@ 0000000180010d00     toroC64:VwxPrintf.obj
 0002:00001210       ??_C@_0L@DJKNJKHM@TFTP?5Error@ 0000000180010d10     toroC64:VwxPrintf.obj
 0002:00001220       ??_C@_0P@NCJHBCLM@Protocol?5Error@ 0000000180010d20     toroC64:VwxPrintf.obj
 0002:00001230       ??_C@_0BG@CFJMNNJK@Warning?5Unknown?5Glyph@ 0000000180010d30     toroC64:VwxPrintf.obj
 0002:00001248       ??_C@_0BH@GKKCJEPJ@Warning?5Delete?5Failure@ 0000000180010d48     toroC64:VwxPrintf.obj
 0002:00001260       ??_C@_0BG@ECIJMOED@Warning?5Write?5Failure@ 0000000180010d60     toroC64:VwxPrintf.obj
 0002:00001278       ??_C@_0BJ@ODIPDGHB@Warning?5Buffer?5Too?5Small@ 0000000180010d78     toroC64:VwxPrintf.obj
 0002:00001298       ??_C@_1O@CEDCILHN@?$AA?$CI?$AAn?$AAu?$AAl?$AAl?$AA?$CJ@ 0000000180010d98     toroC64:VwxPrintf.obj
 0002:000012a8       ??_C@_06OJHGLDPL@?$CInull?$CJ@ 0000000180010da8     toroC64:VwxPrintf.obj
 0002:000012b0       ??_C@_01KDCPPGHE@r@        0000000180010db0     toroC64:osifUefiShellFileOpen.obj
 0002:000012b4       ??_C@_02JDPG@rb@           0000000180010db4     toroC64:osifUefiShellFileOpen.obj
 0002:000012b8       ??_C@_02CBLLGHLK@r?$CL@    0000000180010db8     toroC64:osifUefiShellFileOpen.obj
 0002:000012bc       ??_C@_03HMFOOINA@r?$CLb@   0000000180010dbc     toroC64:osifUefiShellFileOpen.obj
 0002:000012c0       ??_C@_03CCKOKKND@rb?$CL@   0000000180010dc0     toroC64:osifUefiShellFileOpen.obj
 0002:000012c4       ??_C@_01NOFIACDB@w@        0000000180010dc4     toroC64:osifUefiShellFileOpen.obj
 0002:000012c8       ??_C@_02GMLFBBN@wb@        0000000180010dc8     toroC64:osifUefiShellFileOpen.obj
 0002:000012cc       ??_C@_02CHHAKFFB@w?$CL@    0000000180010dcc     toroC64:osifUefiShellFileOpen.obj
 0002:000012d0       ??_C@_03ELIABIOC@w?$CLb@   0000000180010dd0     toroC64:osifUefiShellFileOpen.obj
 0002:000012d4       ??_C@_03BFHAFKOB@wb?$CL@   0000000180010dd4     toroC64:osifUefiShellFileOpen.obj
 0002:000012d8       ??_C@_01MCMALHOG@a@        0000000180010dd8     toroC64:osifUefiShellFileOpen.obj
 0002:000012dc       ??_C@_02BOGAIONP@ab@       0000000180010ddc     toroC64:osifUefiShellFileOpen.obj
 0002:000012e0       ??_C@_02DPNLHKJD@a?$CL@    0000000180010de0     toroC64:osifUefiShellFileOpen.obj
 0002:000012e4       ??_C@_03DOPCBAKB@a?$CLb@   0000000180010de4     toroC64:osifUefiShellFileOpen.obj
 0002:000012e8       ??_C@_03GAACFCKC@ab?$CL@   0000000180010de8     toroC64:osifUefiShellFileOpen.obj
 0002:000012ec       ??_C@_13PJJBFPED@?$AA?$DL@ 0000000180010dec     toroC64:osifUefiShellFileOpen.obj
 0002:000012f0       ??_C@_13FPGAJAPJ@?$AA?2@   0000000180010df0     toroC64:osifUefiShellFileOpen.obj
 0002:000012f4       ??_C@_02DPKJAMEF@?$CFd@    0000000180010df4     toroC64:VMofine.obj
 0002:000012f8       ??_C@_0BM@DAECFMAP@?$CFs?$CFs?$CFs?$CFs?$CFs?$CFs?$CFs?$CFs?$CF010d?$CFs?$CFs?$CFs@ 0000000180010df8     toroC64:VMofine.obj
 0002:00001314       ??_C@_02HCKGKOFO@?$CI?$CJ@ 0000000180010e14     toroC64:VMofine.obj
 0002:00001318       ??_C@_01PKGAHCOL@?$CJ@     0000000180010e18     toroC64:VMofine.obj
 0002:0000131c       ??_C@_01ODHLEDKK@?$CI@     0000000180010e1c     toroC64:VMofine.obj
 0002:00001320       ??_C@_01CLKCMJKC@?5@       0000000180010e20     toroC64:VMofine.obj
 0002:00001328       ??_C@_0BD@LIHNMEBN@?$CFs?$CFs?$CFs?$CFs?$CFs?$CFs?$CFs?$CFs?$CFs@ 0000000180010e28     toroC64:VMofine.obj
 0002:00001340       ??_C@_0BK@IKLFGGKA@?$CFs?$CFs?$CFs?$CFs?$CFs?$CFs?$CFs?$CFs?$CF010d?$CFs?$CFs@ 0000000180010e40     toroC64:VMofine.obj
 0002:00001368       ??_C@_09IINBGKIA@?$CF016llX?3?5@ 0000000180010e68     toroC64:XDump.obj
 0002:00001378       ??_C@_08FOOEKCDB@?$CF08llX?3?5@ 0000000180010e78     toroC64:XDump.obj
 0002:00001388       ??_C@_08JJEEMIEF@?$CF04llX?3?5@ 0000000180010e88     toroC64:XDump.obj
 0002:00001398       ??_C@_08PKJEPNHP@?$CF02llX?3?5@ 0000000180010e98     toroC64:XDump.obj
 0002:000013a4       ??_C@_02HAOIJKIC@?$CFc@    0000000180010ea4     toroC64:XDump.obj
 0002:000013a8       ??_C@_02KFKPNHPM@?9?5@     0000000180010ea8     toroC64:XDump.obj
 0002:000013ac       ??_C@_05BFHEBJNP@?$CF02X?5@ 0000000180010eac     toroC64:XDump.obj
 0002:000013b4       ??_C@_05DABPEGAD@?$CF04X?5@ 0000000180010eb4     toroC64:XDump.obj
 0002:000013bc       ??_C@_05HKMJPJLL@?$CF08X?5@ 0000000180010ebc     toroC64:XDump.obj
 0002:000013c8       ??_C@_08FCHDLMML@?$CF016llX?5@ 0000000180010ec8     toroC64:XDump.obj
 0002:000013d4       ??_C@_01EEMJAFIK@?6@       0000000180010ed4     toroC64:XDump.obj
 0002:000013d8       ??_C@_01LFCBOECM@?4@       0000000180010ed8     toroC64:_locale_C_.obj
 0002:000013dc       ??_C@_13JOFGPIOO@?$AA?4@   0000000180010edc     toroC64:_locale_C_.obj
 0002:000013e0       ??_C@_11LOCGONAA@@         0000000180010ee0     toroC64:_locale_C_.obj
 0002:000013e4       ??_C@_01GFHCPBMG@C@        0000000180010ee4     toroC64:_locale_C_.obj
 0002:000013e8       ??_C@_0CE@NLPNMFHG@invalid?5parameter?3?5?$CFS?$CI?$CFd?$CJ?5?$CFS?$CI?$CJ?5@ 0000000180010ee8     toroC64:_invalid_parameter_handler.obj
 0002:00001410       ??_C@_0BD@NEDHKJBG@invalid?5parameter?6@ 0000000180010f10     toroC64:_invalid_parameter_handler.obj
 0002:00001424       ??_C@_02OJDBNLEE@?5?7@     0000000180010f24     toroC64:Fopen.obj
 0002:00001428       ??_C@_0BO@ICHKIABJ@abnormal?5program?5termination?6@ 0000000180010f28     toroC64:abort.obj
 0002:00001464       __volatile_metadata        0000000180010f64     <linker-defined>
 0003:00000000       gCdeSystemVolumes          0000000180011160     toroC64:osifUefiShellEntryPoint.obj
 0003:00001070       CdeAppIfShell              00000001800121d0     toroC64:osifUefiShellEntryPoint.obj
 0003:00001eb0       rgFACCESSMODE              0000000180013010     toroC64:osifUefiShellFileOpen.obj
 0003:00002268       _locale_C_                 00000001800133c8     toroC64:_locale_C_.obj
 0003:00002280       _gCdeCfgCmdLnParmPoolMemRetain 00000001800133e0     toroC64:_gCdeCfgCmdLnParmPoolMemRetain.obj
 0003:00002290       _gCdeCopyRight             00000001800133f0     toroC64:_gCdeCopyright.obj
 0003:00002720       _gCdeEfiShellProtocolGuid  0000000180013880     toroC64:EFI_SHELL_PROTOCOL_GUID.obj
 0003:0000274c       _gCdeCfgMofineRawSeparator 00000001800138ac     toroC64:_gCdeCfgMofineRawSeparator.obj
 0003:00002760       pinvalid_parameter_handler 00000001800138c0     toroC64:_invalid_parameter_handler.obj
 0003:00004180       gszEmpty                   00000001800152e0     toroC64:VwxPrintf.obj
 0003:00005000       _gCdeCfgCmdLnParmReportStatusCodeCOM1 0000000180016160     toroC64:_gCdeCfgCmdLnParmReportStatusCodeCOM1.obj
 0003:00005001       _gCdeCfgCmdLnParmReportStatusCodeSTDOUT 0000000180016161     toroC64:_gCdeCfgCmdLnParmReportStatusCodeSTDOUT.obj
 0003:00005002       _gSTDOUTMode               0000000180016162     toroC64:_gSTDOUTMode.obj
 0003:00005008       efierrno                   0000000180016168     <common>
 0003:00005010       __errno                    0000000180016170     <common>
 0003:00005018       pConIOPutStr               0000000180016178     <common>
 0003:00005020       pConIOClr                  0000000180016180     <common>
 0003:00005028       pCdeEfiDevicePathToTextProtocol 0000000180016188     <common>
 0003:00005030       gszCdeDriverName           0000000180016190     <common>
 0003:00005038       _cdegRT                    0000000180016198     <common>
 0003:00005040       _cdegBS                    00000001800161a0     <common>
 0003:00005048       _cdegST                    00000001800161a8     <common>
 0003:00005050       _cdegImageHandle           00000001800161b0     <common>
 0003:00005058       pEfiShellProtocol          00000001800161b8     <common>

 entry point at        0001:00001560

 Static symbols

 0001:00000950       _StdOutPutChar             0000000180000bd0 f   toroC64:osifUefiShellEntryPoint.obj
 0001:000009c0       _StdInGetChar              0000000180000c40 f   toroC64:osifUefiShellEntryPoint.obj
 0001:00003c88       $LN276                     0000000180003f08     toroC64:VwxPrintf.obj
 0001:00003ccc       $LN275                     0000000180003f4c     toroC64:VwxPrintf.obj
 0001:00003d78       $LN274                     0000000180003ff8     toroC64:VwxPrintf.obj
 0001:00003dd4       $LN273                     0000000180004054     toroC64:VwxPrintf.obj
 0001:00003df4       $LN272                     0000000180004074     toroC64:VwxPrintf.obj
 0001:00003e28       $LN271                     00000001800040a8     toroC64:VwxPrintf.obj
 0001:00003e50       $LN270                     00000001800040d0     toroC64:VwxPrintf.obj
 0001:00003e68       $LN269                     00000001800040e8     toroC64:VwxPrintf.obj
 0001:00003ea0       $LN268                     0000000180004120     toroC64:VwxPrintf.obj
 0001:00003ec0       $LN267                     0000000180004140     toroC64:VwxPrintf.obj
 0001:00003f70       str2dev                    00000001800041f0 f   toroC64:VwxPrintf.obj
 0001:00004150       num2str                    00000001800043d0 f   toroC64:VwxPrintf.obj
 0001:00004490       nfill                      0000000180004710 f   toroC64:VwxPrintf.obj
 0001:00004520       nprintfield                00000001800047a0 f   toroC64:VwxPrintf.obj
 0001:00004e90       StoreTerminate             0000000180005110 f   toroC64:VwxScanf.obj
 0001:00004f70       inrange                    00000001800051f0 f   toroC64:VwxScanf.obj
 0001:00004ff0       GetCharAndCount            0000000180005270 f   toroC64:VwxScanf.obj
 0001:00005060       UngetCharAndDecount        00000001800052e0 f   toroC64:VwxScanf.obj
 0001:000050d0       IsCharInNumberRange        0000000180005350 f   toroC64:VwxScanf.obj
 0001:000051b0       str2num                    0000000180005430 f   toroC64:VwxScanf.obj
 0001:00005a5c       $LN93                      0000000180005cdc     toroC64:VwxScanf.obj
 0001:00005a88       $LN92                      0000000180005d08     toroC64:VwxScanf.obj
 0001:00007330       $LN238                     00000001800075b0     toroC64:VwxScanf.obj
 0001:00007370       $LN237                     00000001800075f0     toroC64:VwxScanf.obj
 0001:000073d4       $LN236                     0000000180007654     toroC64:VwxScanf.obj
 0001:00007448       $LN235                     00000001800076c8     toroC64:VwxScanf.obj
 0001:00007470       $LN234                     00000001800076f0     toroC64:VwxScanf.obj
 0001:000074e4       $LN233                     0000000180007764     toroC64:VwxScanf.obj
 0001:00007508       $LN232                     0000000180007788     toroC64:VwxScanf.obj
 0001:00008680       __insertFree               0000000180008900 f   toroC64:MemRealloc.obj
 0001:00008cb0       bcd2int                    0000000180008f30 f   toroC64:osifIbmAtGetTime.obj
 0001:00008cf0       rtcrd8                     0000000180008f70 f   toroC64:osifIbmAtGetTime.obj
 0001:00008d30       inside                     0000000180008fb0 f   toroC64:osifIbmAtGetTime.obj
 0001:00009b10       __CdeIsFsEnum              0000000180009d90 f   toroC64:osifUefiShellFileOpen.obj
 0001:00009b40       __CdeFsEnum                0000000180009dc0 f   toroC64:osifUefiShellFileOpen.obj
 0001:0000a2e0       efifopen                   000000018000a560 f   toroC64:osifUefiShellFileOpen.obj
 0001:0000a850       myConIOClr                 000000018000aad0 f   toroC64:osifUefiShellCmdExec.obj
 0001:0000a860       myConIOPutStr              000000018000aae0 f   toroC64:osifUefiShellCmdExec.obj
 0001:0000aa14       $LN21                      000000018000ac94     toroC64:osifUefiShellCmdExec.obj
 0001:0000c010       PrintAscii                 000000018000c290 f   toroC64:XDump.obj
 0001:0000d1f8       $LN55                      000000018000d478     toroC64:_cdeStr2Argcv.obj
 0001:0000d220       $$000000                   000000018000d4a0     toroC64:CdeGetCurrentPrivilegeLevel64.obj
 0001:0000d230       $$000000                   000000018000d4b0     toroC64:setjmp64.obj
 0001:0000ecf0       invalid_parameter_handler  000000018000ef70 f   toroC64:_invalid_parameter_handler.obj
 0001:0000f140       $$000000                   000000018000f3c0     toroC64:longjmp64.obj
 0002:00000008       pXCSCLIBNOT                000000018000fb08     toroC64:_initterm.obj
 0002:00000020       pXISCLIBNOT                000000018000fb20     toroC64:_initterm.obj
 0002:00000038       pXPSCLIBNOT                000000018000fb38     toroC64:_initterm.obj
 0002:00000050       pXTSCLIBNOT                000000018000fb50     toroC64:_initterm.obj
 0002:0000135c       szTwoSpaces                0000000180010e5c     toroC64:XDump.obj
 0002:00001360       szOneSpace                 0000000180010e60     toroC64:XDump.obj
 0002:00001644       $unwind$main               0000000180011144     main.obj
 0003:00000f20       gCdeServicesShell          0000000180012080     toroC64:osifUefiShellEntryPoint.obj
 0003:00001590       _gEfiStatusCodeRuntimeProtocolGuid 00000001800126f0     toroC64:osifUefiShellEntryPoint.obj
 0003:000015a0       ?encstrings@?1??_MainEntryPointShell@@9@9 0000000180012700     toroC64:osifUefiShellEntryPoint.obj
 0003:00001bc0       ?EfiLoadedImageProtocolGuid@?1??_MainEntryPointShell@@9@9 0000000180012d20     toroC64:osifUefiShellEntryPoint.obj
 0003:00001bd0       ?RomParmVWXPRINTF@?1??_MainEntryPointShell@@9@9 0000000180012d30     toroC64:osifUefiShellEntryPoint.obj
 0003:00001bd8       ?EfiShellParametersProtocolGuid@?L@??_MainEntryPointShell@@9@9 0000000180012d38     toroC64:osifUefiShellEntryPoint.obj
 0003:00001be8       ?helpstrings@?O@??_MainEntryPointShell@@9@9 0000000180012d48     toroC64:osifUefiShellEntryPoint.obj
 0003:00001c18       ?ROMPARM@?BB@??_MainEntryPointShell@@9@9 0000000180012d78     toroC64:osifUefiShellEntryPoint.obj
 0003:00001c20       RomParm                    0000000180012d80     toroC64:Printf.obj
 0003:00001c28       RomParm                    0000000180012d88     toroC64:Sscanf.obj
 0003:00001c40       rgszSysErrors              0000000180012da0     toroC64:StrError.obj
 0003:00001d98       ?pszRet@?1??strefierror@@9@9 0000000180012ef8     toroC64:StrError.obj
 0003:00001da0       rgszEfiErrors              0000000180012f00     toroC64:StrError.obj
 0003:00001e98       ROMPARM                    0000000180012ff8     toroC64:StrCmp.obj
 0003:00001ea0       ROMPARM                    0000000180013000     toroC64:WcsCmp.obj
 0003:00001ea8       ?action@?6??MemRealloc@@9@9 0000000180013008     toroC64:MemRealloc.obj
 0003:000020b0       _gEfiDevicePathProtocolGuid 0000000180013210     toroC64:osifUefiShellFileOpen.obj
 0003:000020c0       _gEfiSimpleFileSystemProtocolGuid 0000000180013220     toroC64:osifUefiShellFileOpen.obj
 0003:000020d0       _gEfiDevicePathToTextProtocolGuid 0000000180013230     toroC64:osifUefiShellFileOpen.obj
 0003:000020e0       ?wcsSHELL@?1??myConIOPutStr@@9@9 0000000180013240     toroC64:osifUefiShellCmdExec.obj
 0003:00002118       ?wcsMAP@?1??myConIOPutStr@@9@9 0000000180013278     toroC64:osifUefiShellCmdExec.obj
 0003:00002138       ?wcsALIAS@?1??myConIOPutStr@@9@9 0000000180013298     toroC64:osifUefiShellCmdExec.obj
 0003:00002150       ?wcsBLK@?1??myConIOPutStr@@9@9 00000001800132b0     toroC64:osifUefiShellCmdExec.obj
 0003:00002168       ?wcsBLK2@?1??myConIOPutStr@@9@9 00000001800132c8     toroC64:osifUefiShellCmdExec.obj
 0003:00002178       ?wcsFS@?1??myConIOPutStr@@9@9 00000001800132d8     toroC64:osifUefiShellCmdExec.obj
 0003:00002190       ?wcsFS2@?1??myConIOPutStr@@9@9 00000001800132f0     toroC64:osifUefiShellCmdExec.obj
 0003:000021a0       ?rgszAddrXX@?1??XDump@@9@9 0000000180013300     toroC64:XDump.obj
 0003:000021d0       _locale                    0000000180013330     toroC64:_locale_C_.obj
 0003:00002730       ?RomParm@?1??__CoreSprintf@@9@9 0000000180013890     toroC64:__CoreSprintf.obj
 0003:00002738       ROMPARM                    0000000180013898     toroC64:WcsNCmp.obj
 0003:00002740       ROMPARM                    00000001800138a0     toroC64:WcsTok.obj
 0003:00002744       ROMPARM                    00000001800138a4     toroC64:_WcsICmp.obj
 0003:00002750       RomParm                    00000001800138b0     toroC64:Vsnprintf.obj
 0003:00002758       ?sigorder@?1??_sig2idx@@9@9 00000001800138b8     toroC64:_sig2idx.obj
 0003:00002770       ROMPARM                    00000001800138d0     toroC64:StrTok.obj
 0003:00002780       _iob                       00000001800138e0     toroC64:osifUefiShellEntryPoint.obj
 0003:00004190       ?wcBuffer@?1??osifUefiShellFileWrite@@9@9 00000001800152f0     toroC64:osifUefiShellFileWrite.obj
 0003:000045a0       ?wcbuffer@?3??osifUefiShellFileRead@@9@9 0000000180015700     toroC64:osifUefiShellFileRead.obj
 0003:000049a0       ?wcsFilePath@?5??osifUefiShellFileOpen@@9@9 0000000180015b00     toroC64:osifUefiShellFileOpen.obj
 0003:00004bb0       ?wcsFileName@?5??osifUefiShellFileOpen@@9@9 0000000180015d10     toroC64:osifUefiShellFileOpen.obj
 0003:00004db8       ?wcsDrive@?5??osifUefiShellFileOpen@@9@9 0000000180015f18     toroC64:osifUefiShellFileOpen.obj
 0003:00004dd8       ?wcsDrive2@?5??osifUefiShellFileOpen@@9@9 0000000180015f38     toroC64:osifUefiShellFileOpen.obj
 0003:00004df8       state                      0000000180015f58     toroC64:osifUefiShellCmdExec.obj
 0003:00004e00       ?buffer@?1??osifUefiShellGetEnv@@9@9 0000000180015f60     toroC64:osifUefiShellGetEnv.obj
